Component: ARM Compiler 5.06 update 5 (build 528) Tool: armlink [4d35e2]

==============================================================================

Section Cross References

    startup_stm32g431xx.o(STACK) refers (Special) to heapauxi.o(.text) for __use_two_region_memory
    startup_stm32g431xx.o(HEAP) refers (Special) to heapauxi.o(.text) for __use_two_region_memory
    startup_stm32g431xx.o(RESET) refers (Special) to heapauxi.o(.text) for __use_two_region_memory
    startup_stm32g431xx.o(RESET) refers to startup_stm32g431xx.o(STACK) for __initial_sp
    startup_stm32g431xx.o(RESET) refers to startup_stm32g431xx.o(.text) for Reset_Handler
    startup_stm32g431xx.o(RESET) refers to stm32g4xx_it.o(i.NMI_Handler) for NMI_Handler
    startup_stm32g431xx.o(RESET) refers to stm32g4xx_it.o(i.HardFault_Handler) for HardFault_Handler
    startup_stm32g431xx.o(RESET) refers to stm32g4xx_it.o(i.MemManage_Handler) for MemManage_Handler
    startup_stm32g431xx.o(RESET) refers to stm32g4xx_it.o(i.BusFault_Handler) for BusFault_Handler
    startup_stm32g431xx.o(RESET) refers to stm32g4xx_it.o(i.UsageFault_Handler) for UsageFault_Handler
    startup_stm32g431xx.o(RESET) refers to stm32g4xx_it.o(i.SVC_Handler) for SVC_Handler
    startup_stm32g431xx.o(RESET) refers to stm32g4xx_it.o(i.DebugMon_Handler) for DebugMon_Handler
    startup_stm32g431xx.o(RESET) refers to stm32g4xx_it.o(i.PendSV_Handler) for PendSV_Handler
    startup_stm32g431xx.o(RESET) refers to stm32g4xx_it.o(i.SysTick_Handler) for SysTick_Handler
    startup_stm32g431xx.o(RESET) refers to stm32g4xx_it.o(i.USART1_IRQHandler) for USART1_IRQHandler
    startup_stm32g431xx.o(.text) refers (Special) to heapauxi.o(.text) for __use_two_region_memory
    startup_stm32g431xx.o(.text) refers to system_stm32g4xx.o(i.SystemInit) for SystemInit
    startup_stm32g431xx.o(.text) refers to __main.o(!!!main) for __main
    startup_stm32g431xx.o(.text) refers to startup_stm32g431xx.o(HEAP) for Heap_Mem
    startup_stm32g431xx.o(.text) refers to startup_stm32g431xx.o(STACK) for Stack_Mem
    lcd.o(i.LCD_BusIn) refers to rt_memclr_w.o(.text) for __aeabi_memclr4
    lcd.o(i.LCD_BusIn) refers to stm32g4xx_hal_gpio.o(i.HAL_GPIO_Init) for HAL_GPIO_Init
    lcd.o(i.LCD_BusOut) refers to rt_memclr_w.o(.text) for __aeabi_memclr4
    lcd.o(i.LCD_BusOut) refers to stm32g4xx_hal_gpio.o(i.HAL_GPIO_Init) for HAL_GPIO_Init
    lcd.o(i.LCD_Clear) refers to lcd.o(i.LCD_SetCursor) for LCD_SetCursor
    lcd.o(i.LCD_Clear) refers to lcd.o(i.LCD_WriteRAM_Prepare) for LCD_WriteRAM_Prepare
    lcd.o(i.LCD_Clear) refers to lcd.o(i.LCD_WriteRAM) for LCD_WriteRAM
    lcd.o(i.LCD_ClearLine) refers to lcd.o(i.LCD_DisplayStringLine) for LCD_DisplayStringLine
    lcd.o(i.LCD_CtrlLinesConfig) refers to rt_memclr_w.o(.text) for __aeabi_memclr4
    lcd.o(i.LCD_CtrlLinesConfig) refers to stm32g4xx_hal_gpio.o(i.HAL_GPIO_Init) for HAL_GPIO_Init
    lcd.o(i.LCD_CtrlLinesConfig) refers to lcd.o(i.LCD_BusOut) for LCD_BusOut
    lcd.o(i.LCD_DisplayChar) refers to lcd.o(i.LCD_DrawChar) for LCD_DrawChar
    lcd.o(i.LCD_DisplayChar) refers to lcd.o(.constdata) for .constdata
    lcd.o(i.LCD_DisplayOff) refers to lcd.o(i.LCD_WriteReg) for LCD_WriteReg
    lcd.o(i.LCD_DisplayOn) refers to lcd.o(i.LCD_WriteReg) for LCD_WriteReg
    lcd.o(i.LCD_DisplayStringLine) refers to lcd.o(i.LCD_DisplayChar) for LCD_DisplayChar
    lcd.o(i.LCD_DrawChar) refers to lcd.o(i.LCD_SetCursor) for LCD_SetCursor
    lcd.o(i.LCD_DrawChar) refers to lcd.o(i.LCD_WriteRAM_Prepare) for LCD_WriteRAM_Prepare
    lcd.o(i.LCD_DrawChar) refers to lcd.o(i.LCD_WriteRAM) for LCD_WriteRAM
    lcd.o(i.LCD_DrawChar) refers to lcd.o(.data) for .data
    lcd.o(i.LCD_DrawCircle) refers to lcd.o(i.LCD_SetCursor) for LCD_SetCursor
    lcd.o(i.LCD_DrawCircle) refers to lcd.o(i.LCD_WriteRAM_Prepare) for LCD_WriteRAM_Prepare
    lcd.o(i.LCD_DrawCircle) refers to lcd.o(i.LCD_WriteRAM) for LCD_WriteRAM
    lcd.o(i.LCD_DrawCircle) refers to lcd.o(.data) for .data
    lcd.o(i.LCD_DrawLine) refers to lcd.o(i.LCD_SetCursor) for LCD_SetCursor
    lcd.o(i.LCD_DrawLine) refers to lcd.o(i.LCD_WriteRAM_Prepare) for LCD_WriteRAM_Prepare
    lcd.o(i.LCD_DrawLine) refers to lcd.o(i.LCD_WriteRAM) for LCD_WriteRAM
    lcd.o(i.LCD_DrawLine) refers to lcd.o(.data) for .data
    lcd.o(i.LCD_DrawMonoPict) refers to lcd.o(i.LCD_SetCursor) for LCD_SetCursor
    lcd.o(i.LCD_DrawMonoPict) refers to lcd.o(i.LCD_WriteRAM_Prepare) for LCD_WriteRAM_Prepare
    lcd.o(i.LCD_DrawMonoPict) refers to lcd.o(i.LCD_WriteRAM) for LCD_WriteRAM
    lcd.o(i.LCD_DrawMonoPict) refers to lcd.o(.data) for .data
    lcd.o(i.LCD_DrawPicture) refers to lcd.o(i.LCD_SetCursor) for LCD_SetCursor
    lcd.o(i.LCD_DrawPicture) refers to lcd.o(i.LCD_WriteRAM_Prepare) for LCD_WriteRAM_Prepare
    lcd.o(i.LCD_DrawPicture) refers to lcd.o(i.LCD_WriteRAM) for LCD_WriteRAM
    lcd.o(i.LCD_DrawRect) refers to lcd.o(i.LCD_DrawLine) for LCD_DrawLine
[...]
    i.BusFault_Handler                       0x080017c8   Section        0  stm32g4xx_it.o(i.BusFault_Handler)
    i.DebugMon_Handler                       0x080017ca   Section        0  stm32g4xx_it.o(i.DebugMon_Handler)
    i.Delay_LCD                              0x080017cc   Section        0  lcd.o(i.Delay_LCD)
    i.Error_Handler                          0x080017e8   Section        0  main.o(i.Error_Handler)
    i.HAL_ADC_ConfigChannel                  0x080017ec   Section        0  stm32g4xx_hal_adc.o(i.HAL_ADC_ConfigChannel)
    i.HAL_ADC_GetValue                       0x08001c04   Section        0  stm32g4xx_hal_adc.o(i.HAL_ADC_GetValue)
    i.HAL_ADC_Init                           0x08001c0c   Section        0  stm32g4xx_hal_adc.o(i.HAL_ADC_Init)
    i.HAL_ADC_MspInit                        0x08001e08   Section        0  adc.o(i.HAL_ADC_MspInit)
    i.HAL_ADC_Start                          0x08001e80   Section        0  stm32g4xx_hal_adc.o(i.HAL_ADC_Start)
    i.HAL_DMA_Abort                          0x08001f74   Section        0  stm32g4xx_hal_dma.o(i.HAL_DMA_Abort)
    i.HAL_DMA_Abort_IT                       0x08001fde   Section        0  stm32g4xx_hal_dma.o(i.HAL_DMA_Abort_IT)
    i.HAL_Delay                              0x08002058   Section        0  stm32g4xx_hal.o(i.HAL_Delay)
    i.HAL_GPIO_Init                          0x0800207c   Section        0  stm32g4xx_hal_gpio.o(i.HAL_GPIO_Init)
    i.HAL_GPIO_ReadPin                       0x080022c4   Section        0  stm32g4xx_hal_gpio.o(i.HAL_GPIO_ReadPin)
    i.HAL_GPIO_WritePin                      0x080022ce   Section        0  stm32g4xx_hal_gpio.o(i.HAL_GPIO_WritePin)
    i.HAL_GetTick                            0x080022d8   Section        0  stm32g4xx_hal.o(i.HAL_GetTick)
    i.HAL_IncTick                            0x080022e4   Section        0  stm32g4xx_hal.o(i.HAL_IncTick)
    i.HAL_Init                               0x080022f4   Section        0  stm32g4xx_hal.o(i.HAL_Init)
    i.HAL_InitTick                           0x08002314   Section        0  stm32g4xx_hal.o(i.HAL_InitTick)
    i.HAL_MspInit                            0x08002358   Section        0  stm32g4xx_hal_msp.o(i.HAL_MspInit)
    i.HAL_NVIC_EnableIRQ                     0x08002388   Section        0  stm32g4xx_hal_cortex.o(i.HAL_NVIC_EnableIRQ)
    i.HAL_NVIC_SetPriority                   0x080023a4   Section        0  stm32g4xx_hal_cortex.o(i.HAL_NVIC_SetPriority)
    i.HAL_NVIC_SetPriorityGrouping           0x080023e4   Section        0  stm32g4xx_hal_cortex.o(i.HAL_NVIC_SetPriorityGrouping)
    i.HAL_PWREx_ControlVoltageScaling        0x08002408   Section        0  stm32g4xx_hal_pwr_ex.o(i.HAL_PWREx_ControlVoltageScaling)
    i.HAL_PWREx_DisableUCPDDeadBattery       0x080024c4   Section        0  stm32g4xx_hal_pwr_ex.o(i.HAL_PWREx_DisableUCPDDeadBattery)
    i.HAL_RCCEx_PeriphCLKConfig              0x080024d4   Section        0  stm32g4xx_hal_rcc_ex.o(i.HAL_RCCEx_PeriphCLKConfig)
    i.HAL_RCC_ClockConfig                    0x0800275c   Section        0  stm32g4xx_hal_rcc.o(i.HAL_RCC_ClockConfig)
    i.HAL_RCC_GetPCLK1Freq                   0x08002938   Section        0  stm32g4xx_hal_rcc.o(i.HAL_RCC_GetPCLK1Freq)
    i.HAL_RCC_GetPCLK2Freq                   0x0800295c   Section        0  stm32g4xx_hal_rcc.o(i.HAL_RCC_GetPCLK2Freq)
    i.HAL_RCC_GetSysClockFreq                0x08002980   Section        0  stm32g4xx_hal_rcc.o(i.HAL_RCC_GetSysClockFreq)
    i.HAL_RCC_OscConfig                      0x080029ec   Section        0  stm32g4xx_hal_rcc.o(i.HAL_RCC_OscConfig)
    i.HAL_SYSTICK_Config                     0x08002df8   Section        0  stm32g4xx_hal_cortex.o(i.HAL_SYSTICK_Config)
    i.HAL_UARTEx_DisableFifoMode             0x08002e20   Section        0  stm32g4xx_hal_uart_ex.o(i.HAL_UARTEx_DisableFifoMode)
    i.HAL_UARTEx_RxEventCallback             0x08002e5e   Section        0  stm32g4xx_hal_uart.o(i.HAL_UARTEx_RxEventCallback)
    i.HAL_UARTEx_RxFifoFullCallback          0x08002e60   Section        0  stm32g4xx_hal_uart_ex.o(i.HAL_UARTEx_RxFifoFullCallback)
    i.HAL_UARTEx_SetRxFifoThreshold          0x08002e62   Section        0  stm32g4xx_hal_uart_ex.o(i.HAL_UARTEx_SetRxFifoThreshold)
    i.HAL_UARTEx_SetTxFifoThreshold          0x08002eae   Section        0  stm32g4xx_hal_uart_ex.o(i.HAL_UARTEx_SetTxFifoThreshold)
    i.HAL_UARTEx_TxFifoEmptyCallback         0x08002efa   Section        0  stm32g4xx_hal_uart_ex.o(i.HAL_UARTEx_TxFifoEmptyCallback)
    i.HAL_UARTEx_WakeupCallback              0x08002efc   Section        0  stm32g4xx_hal_uart_ex.o(i.HAL_UARTEx_WakeupCallback)
    i.HAL_UART_ErrorCallback                 0x08002efe   Section        0  stm32g4xx_hal_uart.o(i.HAL_UART_ErrorCallback)
    i.HAL_UART_IRQHandler                    0x08002f00   Section        0  stm32g4xx_hal_uart.o(i.HAL_UART_IRQHandler)
    i.HAL_UART_Init                          0x080031e0   Section        0  stm32g4xx_hal_uart.o(i.HAL_UART_Init)
    i.HAL_UART_MspInit                       0x0800324c   Section        0  usart.o(i.HAL_UART_MspInit)
    i.HAL_UART_Receive_IT                    0x080032d8   Section        0  stm32g4xx_hal_uart.o(i.HAL_UART_Receive_IT)
    i.HAL_UART_RxCpltCallback                0x0800332c   Section        0  main.o(i.HAL_UART_RxCpltCallback)
    i.HAL_UART_Transmit                      0x080033d4   Section        0  stm32g4xx_hal_uart.o(i.HAL_UART_Transmit)
    i.HAL_UART_TxCpltCallback                0x08003490   Section        0  stm32g4xx_hal_uart.o(i.HAL_UART_TxCpltCallback)
    i.HardFault_Handler                      0x08003492   Section        0  stm32g4xx_it.o(i.HardFault_Handler)
    i.I2CInit                                0x08003494   Section        0  i2c - hal.o(i.I2CInit)
    i.I2CReceiveByte                         0x080034c0   Section        0  i2c - hal.o(i.I2CReceiveByte)
    i.I2CSendAck                             0x0800350e   Section        0  i2c - hal.o(i.I2CSendAck)
    i.I2CSendByte                            0x0800353e   Section        0  i2c - hal.o(i.I2CSendByte)
    i.I2CSendNotAck                          0x0800358c   Section        0  i2c - hal.o(i.I2CSendNotAck)
    i.I2CStart                               0x080035bc   Section        0  i2c - hal.o(i.I2CStart)
    i.I2CStop                                0x080035f2   Section        0  i2c - hal.o(i.I2CStop)
    i.I2CWaitAck                             0x08003628   Section        0  i2c - hal.o(i.I2CWaitAck)
    i.I2C_24C02_Read                         0x08003678   Section        0  i2c - hal.o(i.I2C_24C02_Read)
    i.I2C_24C02_Write                        0x080036cc   Section        0  i2c - hal.o(i.I2C_24C02_Write)
    i.Key_Proc                               0x0800370c   Section        0  main.o(i.Key_Proc)
    i.Key_Scan                               0x08003818   Section        0  gpio.o(i.Key_Scan)
    i.LCD_BusIn                              0x08003858   Section        0  lcd.o(i.LCD_BusIn)
    i.LCD_BusOut                             0x08003884   Section        0  lcd.o(i.LCD_BusOut)
    i.LCD_Clear                              0x080038b4   Section        0  lcd.o(i.LCD_Clear)
    i.LCD_CtrlLinesConfig                    0x080038d8   Section        0  lcd.o(i.LCD_CtrlLinesConfig)
    i.LCD_DisplayChar                        0x08003968   Section        0  lcd.o(i.LCD_DisplayChar)
    i.LCD_DisplayStringLine                  0x08003980   Section        0  lcd.o(i.LCD_DisplayStringLine)
    i.LCD_DrawChar                           0x080039ac   Section        0  lcd.o(i.LCD_DrawChar)
    i.LCD_Init                               0x08003a04   Section        0  lcd.o(i.LCD_Init)
    i.LCD_ReadReg                            0x08003a38   Section        0  lcd.o(i.LCD_ReadReg)
    i.LCD_SetBackColor                       0x08003ab8   Section        0  lcd.o(i.LCD_SetBackColor)
    i.LCD_SetCursor                          0x08003ac8   Section        0  lcd.o(i.LCD_SetCursor)
    i.LCD_SetTextColor                       0x08003ae0   Section        0  lcd.o(i.LCD_SetTextColor)
    i.LCD_WriteRAM                           0x08003af0   Section        0  lcd.o(i.LCD_WriteRAM)
    i.LCD_WriteRAM_Prepare                   0x08003b48   Section        0  lcd.o(i.LCD_WriteRAM_Prepare)
    i.LCD_WriteReg                           0x08003ba4   Section        0  lcd.o(i.LCD_WriteReg)
    i.LL_ADC_GetOffsetChannel                0x08003c10   Section        0  stm32g4xx_hal_adc.o(i.LL_ADC_GetOffsetChannel)
    LL_ADC_GetOffsetChannel                  0x08003c11   Thumb Code    12  stm32g4xx_hal_adc.o(i.LL_ADC_GetOffsetChannel)
    i.LL_ADC_INJ_IsConversionOngoing         0x08003c1c   Section        0  stm32g4xx_hal_adc.o(i.LL_ADC_INJ_IsConversionOngoing)
    LL_ADC_INJ_IsConversionOngoing           0x08003c1d   Thumb Code     8  stm32g4xx_hal_adc.o(i.LL_ADC_INJ_IsConversionOngoing)
    i.LL_ADC_REG_IsConversionOngoing         0x08003c24   Section        0  stm32g4xx_hal_adc.o(i.LL_ADC_REG_IsConversionOngoing)
    LL_ADC_REG_IsConversionOngoing           0x08003c25   Thumb Code     8  stm32g4xx_hal_adc.o(i.LL_ADC_REG_IsConversionOngoing)
    i.LL_ADC_SetChannelSamplingTime          0x08003c2c   Section        0  stm32g4xx_hal_adc.o(i.LL_ADC_SetChannelSamplingTime)
    LL_ADC_SetChannelSamplingTime            0x08003c2d   Thumb Code    30  stm32g4xx_hal_adc.o(i.LL_ADC_SetChannelSamplingTime)
    i.LL_ADC_SetOffsetState                  0x08003c4a   Section        0  stm32g4xx_hal_adc.o(i.LL_ADC_SetOffsetState)
    LL_ADC_SetOffsetState                    0x08003c4b   Thumb Code    16  stm32g4xx_hal_adc.o(i.LL_ADC_SetOffsetState)
    i.Lcd_Proc                               0x08003c5c   Section        0  main.o(i.Lcd_Proc)
    i.Led_Disp                               0x08003e1c   Section        0  gpio.o(i.Led_Disp)
    i.Led_Proc                               0x08003e70   Section        0  main.o(i.Led_Proc)
    i.Led_Proc_1                             0x08003ed0   Section        0  main.o(i.Led_Proc_1)
    i.MX_ADC2_Init                           0x08003ef8   Section        0  adc.o(i.MX_ADC2_Init)
    i.MX_GPIO_Init                           0x08003f74   Section        0  gpio.o(i.MX_GPIO_Init)
    i.MX_USART1_UART_Init                    0x08004068   Section        0  usart.o(i.MX_USART1_UART_Init)
    i.MemManage_Handler                      0x080040d0   Section        0  stm32g4xx_it.o(i.MemManage_Handler)
    i.NMI_Handler                            0x080040d2   Section        0  stm32g4xx_it.o(i.NMI_Handler)
    i.PendSV_Handler                         0x080040d4   Section        0  stm32g4xx_it.o(i.PendSV_Handler)
    i.REG_8230_Init                          0x080040d6   Section        0  lcd.o(i.REG_8230_Init)
    i.REG_932X_Init                          0x080041e8   Section        0  lcd.o(i.REG_932X_Init)
    i.SCL_Output                             0x080043ec   Section        0  i2c - hal.o(i.SCL_Output)
    i.SDA_Input                              0x08004404   Section        0  i2c - hal.o(i.SDA_Input)
    i.SDA_Input_Mode                         0x0800441c   Section        0  i2c - hal.o(i.SDA_Input_Mode)
    i.SDA_Output                             0x08004448   Section        0  i2c - hal.o(i.SDA_Output)
    i.SDA_Output_Mode                        0x08004460   Section        0  i2c - hal.o(i.SDA_Output_Mode)
    i.SVC_Handler                            0x0800448c   Section        0  stm32g4xx_it.o(i.SVC_Handler)
    i.SysTick_Handler                        0x0800448e   Section        0  stm32g4xx_it.o(i.SysTick_Handler)
    i.SystemClock_Config                     0x08004492   Section        0  main.o(i.SystemClock_Config)
    i.SystemInit                             0x080044fc   Section        0  system_stm32g4xx.o(i.SystemInit)
    i.UARTEx_SetNbDataToProcess              0x0800450c   Section        0  stm32g4xx_hal_uart_ex.o(i.UARTEx_SetNbDataToProcess)
    UARTEx_SetNbDataToProcess                0x0800450d   Thumb Code    62  stm32g4xx_hal_uart_ex.o(i.UARTEx_SetNbDataToProcess)
    i.UART_AdvFeatureConfig                  0x08004550   Section        0  stm32g4xx_hal_uart.o(i.UART_AdvFeatureConfig)
    i.UART_CheckIdleState                    0x08004618   Section        0  stm32g4xx_hal_uart.o(i.UART_CheckIdleState)
    i.UART_DMAAbortOnError                   0x08004678   Section        0  stm32g4xx_hal_uart.o(i.UART_DMAAbortOnError)
    UART_DMAAbortOnError                     0x08004679   Thumb Code    20  stm32g4xx_hal_uart.o(i.UART_DMAAbortOnError)
    i.UART_EndRxTransfer                     0x0800468c   Section        0  stm32g4xx_hal_uart.o(i.UART_EndRxTransfer)
    UART_EndRxTransfer                       0x0800468d   Thumb Code    78  stm32g4xx_hal_uart.o(i.UART_EndRxTransfer)
    i.UART_RxISR_16BIT                       0x080046e0   Section        0  stm32g4xx_hal_uart.o(i.UART_RxISR_16BIT)
    UART_RxISR_16BIT                         0x080046e1   Thumb Code   162  stm32g4xx_hal_uart.o(i.UART_RxISR_16BIT)
    i.UART_RxISR_16BIT_FIFOEN                0x08004784   Section        0  stm32g4xx_hal_uart.o(i.UART_RxISR_16BIT_FIFOEN)
    UART_RxISR_16BIT_FIFOEN                  0x08004785   Thumb Code   364  stm32g4xx_hal_uart.o(i.UART_RxISR_16BIT_FIFOEN)
    i.UART_RxISR_8BIT                        0x080048f8   Section        0  stm32g4xx_hal_uart.o(i.UART_RxISR_8BIT)
    UART_RxISR_8BIT                          0x080048f9   Thumb Code   162  stm32g4xx_hal_uart.o(i.UART_RxISR_8BIT)
    i.UART_RxISR_8BIT_FIFOEN                 0x0800499c   Section        0  stm32g4xx_hal_uart.o(i.UART_RxISR_8BIT_FIFOEN)
    UART_RxISR_8BIT_FIFOEN                   0x0800499d   Thumb Code   364  stm32g4xx_hal_uart.o(i.UART_RxISR_8BIT_FIFOEN)
    i.UART_SetConfig                         0x08004b10   Section        0  stm32g4xx_hal_uart.o(i.UART_SetConfig)
    i.UART_Start_Receive_IT                  0x08004d84   Section        0  stm32g4xx_hal_uart.o(i.UART_Start_Receive_IT)
    i.UART_WaitOnFlagUntilTimeout            0x08004e9c   Section        0  stm32g4xx_hal_uart.o(i.UART_WaitOnFlagUntilTimeout)
    i.USART1_IRQHandler                      0x08004f64   Section        0  stm32g4xx_it.o(i.USART1_IRQHandler)
    i.UsageFault_Handler                     0x08004f70   Section        0  stm32g4xx_it.o(i.UsageFault_Handler)
    i.__ARM_fpclassify                       0x08004f72   Section        0  fpclassify.o(i.__ARM_fpclassify)
    i.__NVIC_SetPriority                     0x08004fa2   Section        0  stm32g4xx_hal_cortex.o(i.__NVIC_SetPriority)
    __NVIC_SetPriority                       0x08004fa3   Thumb Code    32  stm32g4xx_hal_cortex.o(i.__NVIC_SetPriority)
    i._is_digit                              0x08004fc2   Section        0  __printf_wp.o(i._is_digit)
    i.delay1                                 0x08004fd0   Section        0  i2c - hal.o(i.delay1)
    delay1                                   0x08004fd1   Thumb Code    12  i2c - hal.o(i.delay1)
    i.getADC2                                0x08004fdc   Section        0  adc.o(i.getADC2)
    i.main                                   0x08004ff4   Section        0  main.o(i.main)
    locale$$code                             0x08005084   Section       44  lc_numeric_c.o(locale$$code)
    x$fpl$ddiv                               0x080050b0   Section      688  ddiv.o(x$fpl$ddiv)
    $v0                                      0x080050b0   Number         0  ddiv.o(x$fpl$ddiv)
    ddiv_entry                               0x080050b7   Thumb Code     0  ddiv.o(x$fpl$ddiv)
    x$fpl$dfixu                              0x08005360   Section       90  dfixu.o(x$fpl$dfixu)
    $v0                                      0x08005360   Number         0  dfixu.o(x$fpl$dfixu)
    x$fpl$dfltu                              0x080053ba   Section       38  dflt_clz.o(x$fpl$dfltu)
    $v0                                      0x080053ba   Number         0  dflt_clz.o(x$fpl$dfltu)
    x$fpl$dmul                               0x080053e0   Section      340  dmul.o(x$fpl$dmul)
    $v0                                      0x080053e0   Number         0  dmul.o(x$fpl$dmul)
    x$fpl$dnaninf                            0x08005534   Section      156  dnaninf.o(x$fpl$dnaninf)
    $v0                                      0x08005534   Number         0  dnaninf.o(x$fpl$dnaninf)
    x$fpl$dretinf                            0x080055d0   Section       12  dretinf.o(x$fpl$dretinf)
    $v0                                      0x080055d0   Number         0  dretinf.o(x$fpl$dretinf)
    x$fpl$fpinit                             0x080055dc   Section       10  fpinit.o(x$fpl$fpinit)
    $v0                                      0x080055dc   Number         0  fpinit.o(x$fpl$fpinit)
    x$fpl$printf1                            0x080055e6   Section        4  printf1.o(x$fpl$printf1)
    $v0                                      0x080055e6   Number         0  printf1.o(x$fpl$printf1)
    .constdata                               0x080055ea   Section     4560  lcd.o(.constdata)
    x$fpl$usenofp                            0x080055ea   Section        0  usenofp.o(x$fpl$usenofp)
    .constdata                               0x080067ba   Section       24  stm32g4xx_hal_uart.o(.constdata)
    .constdata                               0x080067d2   Section       16  stm32g4xx_hal_uart_ex.o(.constdata)
    numerator                                0x080067d2   Data           8  stm32g4xx_hal_uart_ex.o(.constdata)
    denominator                              0x080067da   Data           8  stm32g4xx_hal_uart_ex.o(.constdata)
    .constdata                               0x080067e2   Section       16  system_stm32g4xx.o(.constdata)
    .constdata                               0x080067f2   Section        8  system_stm32g4xx.o(.constdata)
    .constdata                               0x080067fa   Section       17  __printf_flags_ss_wp.o(.constdata)
    maptable                                 0x080067fa   Data          17  __printf_flags_ss_wp.o(.constdata)
    .constdata                               0x0800680c   Section      148  bigflt0.o(.constdata)
    tenpwrs_x                                0x0800680c   Data          60  bigflt0.o(.constdata)
    tenpwrs_i                                0x08006848   Data          64  bigflt0.o(.constdata)
    locale$$data                             0x080068c0   Section       28  lc_numeric_c.o(locale$$data)
    __lcnum_c_name                           0x080068c4   Data           2  lc_numeric_c.o(locale$$data)
    __lcnum_c_start                          0x080068cc   Data           0  lc_numeric_c.o(locale$$data)
    __lcnum_c_point                          0x080068d8   Data           0  lc_numeric_c.o(locale$$data)
    __lcnum_c_thousands                      0x080068da   Data           0  lc_numeric_c.o(locale$$data)
    __lcnum_c_grouping                       0x080068db   Data           0  lc_numeric_c.o(locale$$data)
    __lcnum_c_end                            0x080068dc   Data           0  lc_numeric_c.o(locale$$data)
    .data                                    0x20000000   Section        6  lcd.o(.data)
    TextColor                                0x20000000   Data           2  lcd.o(.data)
    BackColor                                0x20000002   Data           2  lcd.o(.data)
    .data                                    0x20000008   Section       48  main.o(.data)
    .data                                    0x20000038   Section       12  stm32g4xx_hal.o(.data)
    .data                                    0x20000044   Section        4  system_stm32g4xx.o(.data)
    .bss                                     0x20000048   Section       61  main.o(.bss)
    .bss                                     0x20000088   Section      108  adc.o(.bss)
    .bss                                     0x200000f4   Section      144  usart.o(.bss)
    .bss                                     0x20000184   Section       96  libspace.o(.bss)
    HEAP                                     0x200001e8   Section      512  startup_stm32g431xx.o(HEAP)
    Heap_Mem                                 0x200001e8   Data         512  startup_stm32g431xx.o(HEAP)
    STACK                                    0x200003e8   Section     1024  startup_stm32g431xx.o(STACK)
    Stack_Mem                                0x200003e8   Data        1024  startup_stm32g431xx.o(STACK)
    __initial_sp                             0x200007e8   Data           0  startup_stm32g431xx.o(STACK)

    Global Symbols

    Symbol Name                              Value     Ov Type        Size  Object(Section)

    BuildAttributes$$THM_ISAv4$E$P$D$K$B$S$7EM$VFPi3$EXTD16$VFPS$VFMA$PE$A:L22UL41UL21$X:L11$S22US41US21$IEEE1$IW$USESV6$~STKCKD$USESV7$~SHL$OTIME$ROPI$IEEEJ$EBA8$UX$STANDARDLIB$REQ8$PRES8$EABIv2 0x00000000   Number         0  anon$$obj.o ABSOLUTE
    __ARM_use_no_argv                        0x00000000   Number         0  main.o ABSOLUTE
    _printf_flags                            0x00000000   Number         0  printf_stubs.o ABSOLUTE
    _printf_return_value                     0x00000000   Number         0  printf_stubs.o ABSOLUTE
    _printf_sizespec                         0x00000000   Number         0  printf_stubs.o ABSOLUTE
    _printf_widthprec                        0x00000000   Number         0  printf_stubs.o ABSOLUTE
    __ARM_exceptions_init                     - Undefined Weak Reference
    __alloca_initialize                       - Undefined Weak Reference
    __arm_preinit_                            - Undefined Weak Reference
    __cpp_initialize__aeabi_                  - Undefined Weak Reference
    __cxa_finalize                            - Undefined Weak Reference
    __sigvec_lookup                           - Undefined Weak Reference
    _atexit_init                              - Undefined Weak Reference
    _call_atexit_fns                          - Undefined Weak Reference
    _clock_init                               - Undefined Weak Reference
    _fp_trap_init                             - Undefined Weak Reference
    _fp_trap_shutdown                         - Undefined Weak Reference
    _get_lc_collate                           - Undefined Weak Reference
    _get_lc_ctype                             - Undefined Weak Reference
    _get_lc_monetary                          - Undefined Weak Reference
    _get_lc_time                              - Undefined Weak Reference
    _getenv_init                              - Undefined Weak Reference
    _handle_redirection                       - Undefined Weak Reference
    _init_alloc                               - Undefined Weak Reference
    _init_user_alloc                          - Undefined Weak Reference
    _initio                                   - Undefined Weak Reference
    _printf_truncate_signed                   - Undefined Weak Reference
    _printf_truncate_unsigned                 - Undefined Weak Reference
    _rand_init                                - Undefined Weak Reference
    _signal_finish                            - Undefined Weak Reference
    _signal_init                              - Undefined Weak Reference
    _terminate_alloc                          - Undefined Weak Reference
    _terminate_user_alloc                     - Undefined Weak Reference
    _terminateio                              - Undefined Weak Reference
    __Vectors_Size                           0x000001d8   Number         0  startup_stm32g431xx.o ABSOLUTE
    __Vectors                                0x08000000   Data           4  startup_stm32g431xx.o(RESET)
    __Vectors_End                            0x080001d8   Data           0  startup_stm32g431xx.o(RESET)
    __main                                   0x080001d9   Thumb Code     8  __main.o(!!!main)
    __scatterload                            0x080001e1   Thumb Code     0  __scatter.o(!!!scatter)
    __scatterload_rt2                        0x080001e1   Thumb Code    44  __scatter.o(!!!scatter)
    __scatterload_rt2_thumb_only             0x080001e1   Thumb Code     0  __scatter.o(!!!scatter)
    __scatterload_null                       0x080001ef   Thumb Code     0  __scatter.o(!!!scatter)
    __scatterload_copy                       0x08000215   Thumb Code    26  __scatter_copy.o(!!handler_copy)
    __scatterload_zeroinit                   0x08000231   Thumb Code    28  __scatter_zi.o(!!handler_zi)
    _printf_f                                0x0800024d   Thumb Code     0  _printf_f.o(.ARM.Collect$$_printf_percent$$00000003)
    _printf_percent                          0x0800024d   Thumb Code     0  _printf_percent.o(.ARM.Collect$$_printf_percent$$00000000)
    _printf_u                                0x08000253   Thumb Code     0  _printf_u.o(.ARM.Collect$$_printf_percent$$0000000A)
    _printf_percent_end                      0x08000259   Thumb Code     0  _printf_percent_end.o(.ARM.Collect$$_printf_percent$$00000017)
    __rt_lib_init                            0x0800025d   Thumb Code     0  libinit.o(.ARM.Collect$$libinit$$00000000)
    __rt_lib_init_fp_1                       0x0800025f   Thumb Code     0  libinit2.o(.ARM.Collect$$libinit$$00000001)
    __rt_lib_init_heap_1                     0x08000263   Thumb Code     0  libinit2.o(.ARM.Collect$$libinit$$0000000A)
    __rt_lib_init_lc_common                  0x08000263   Thumb Code     0  libinit2.o(.ARM.Collect$$libinit$$0000000F)
    __rt_lib_init_preinit_1                  0x08000263   Thumb Code     0  libinit2.o(.ARM.Collect$$libinit$$00000004)
    __rt_lib_init_rand_1                     0x08000263   Thumb Code     0  libinit2.o(.ARM.Collect$$libinit$$0000000E)
    __rt_lib_init_user_alloc_1               0x08000263   Thumb Code     0  libinit2.o(.ARM.Collect$$libinit$$0000000C)
    __rt_lib_init_lc_collate_1               0x08000269   Thumb Code     0  libinit2.o(.ARM.Collect$$libinit$$00000011)
    __rt_lib_init_lc_ctype_1                 0x08000269   Thumb Code     0  libinit2.o(.ARM.Collect$$libinit$$00000013)
    __rt_lib_init_lc_monetary_1              0x08000269   Thumb Code     0  libinit2.o(.ARM.Collect$$libinit$$00000015)
    __rt_lib_init_lc_numeric_2               0x08000269   Thumb Code     0  libinit2.o(.ARM.Collect$$libinit$$00000016)
    __rt_lib_init_alloca_1                   0x08000273   Thumb Code     0  libinit2.o(.ARM.Collect$$libinit$$0000002E)
    __rt_lib_init_argv_1                     0x08000273   Thumb Code     0  libinit2.o(.ARM.Collect$$libinit$$0000002C)
    __rt_lib_init_atexit_1                   0x08000273   Thumb Code     0  libinit2.o(.ARM.Collect$$libinit$$0000001B)
    __rt_lib_init_clock_1                    0x08000273   Thumb Code     0  libinit2.o(.ARM.Collect$$libinit$$00000021)
    __rt_lib_init_cpp_1                      0x08000273   Thumb Code     0  libinit2.o(.ARM.Collect$$libinit$$00000032)
    __rt_lib_init_exceptions_1               0x08000273   Thumb Code     0  libinit2.o(.ARM.Collect$$libinit$$00000030)
    __rt_lib_init_fp_trap_1                  0x08000273   Thumb Code     0  libinit2.o(.ARM.Collect$$libinit$$0000001F)
    __rt_lib_init_getenv_1                   0x08000273   Thumb Code     0  libinit2.o(.ARM.Collect$$libinit$$00000023)
    __rt_lib_init_lc_numeric_1               0x08000273   Thumb Code     0  libinit2.o(.ARM.Collect$$libinit$$00000017)
    __rt_lib_init_lc_time_1                  0x08000273   Thumb Code     0  libinit2.o(.ARM.Collect$$libinit$$00000019)
    __rt_lib_init_return                     0x08000273   Thumb Code     0  libinit2.o(.ARM.Collect$$libinit$$00000033)
    __rt_lib_init_signal_1                   0x08000273   Thumb Code     0  libinit2.o(.ARM.Collect$$libinit$$0000001D)
    __rt_lib_init_stdio_1                    0x08000273   Thumb Code     0  libinit2.o(.ARM.Collect$$libinit$$00000025)
    __rt_lib_shutdown                        0x08000275   Thumb Code     0  libshutdown.o(.ARM.Collect$$libshutdown$$00000000)
    __rt_lib_shutdown_cpp_1                  0x08000277   Thumb Code     0  libshutdown2.o(.ARM.Collect$$libshutdown$$00000002)
    __rt_lib_shutdown_fp_trap_1              0x08000277   Thumb Code     0  libshutdown2.o(.ARM.Collect$$libshutdown$$00000007)
    __rt_lib_shutdown_heap_1                 0x08000277   Thumb Code     0  libshutdown2.o(.ARM.Collect$$libshutdown$$0000000F)
    __rt_lib_shutdown_return                 0x08000277   Thumb Code     0  libshutdown2.o(.ARM.Collect$$libshutdown$$00000010)
    __rt_lib_shutdown_signal_1               0x08000277   Thumb Code     0  libshutdown2.o(.ARM.Collect$$libshutdown$$0000000A)
    __rt_lib_shutdown_stdio_1                0x08000277   Thumb Code     0  libshutdown2.o(.ARM.Collect$$libshutdown$$00000004)
    __rt_lib_shutdown_user_alloc_1           0x08000277   Thumb Code     0  libshutdown2.o(.ARM.Collect$$libshutdown$$0000000C)
    __rt_entry                               0x08000279   Thumb Code     0  __rtentry.o(.ARM.Collect$$rtentry$$00000000)
    __rt_entry_presh_1                       0x08000279   Thumb Code     0  __rtentry2.o(.ARM.Collect$$rtentry$$00000002)
    __rt_entry_sh                            0x08000279   Thumb Code     0  __rtentry4.o(.ARM.Collect$$rtentry$$00000004)
    __rt_entry_li                            0x0800027f   Thumb Code     0  __rtentry2.o(.ARM.Collect$$rtentry$$0000000A)
    __rt_entry_postsh_1                      0x0800027f   Thumb Code     0  __rtentry2.o(.ARM.Collect$$rtentry$$00000009)
    __rt_entry_main                          0x08000283   Thumb Code     0  __rtentry2.o(.ARM.Collect$$rtentry$$0000000D)
    __rt_entry_postli_1                      0x08000283   Thumb Code     0  __rtentry2.o(.ARM.Collect$$rtentry$$0000000C)
    __rt_exit                                0x0800028b   Thumb Code     0  rtexit.o(.ARM.Collect$$rtexit$$00000000)
    __rt_exit_ls                             0x0800028d   Thumb Code     0  rtexit2.o(.ARM.Collect$$rtexit$$00000003)
    __rt_exit_prels_1                        0x0800028d   Thumb Code     0  rtexit2.o(.ARM.Collect$$rtexit$$00000002)
    __rt_exit_exit                           0x08000291   Thumb Code     0  rtexit2.o(.ARM.Collect$$rtexit$$00000004)
    Reset_Handler                            0x08000299   Thumb Code     8  startup_stm32g431xx.o(.text)
    ADC1_2_IRQHandler                        0x080002b3   Thumb Code     0  startup_stm32g431xx.o(.text)
    COMP1_2_3_IRQHandler                     0x080002b3   Thumb Code     0  startup_stm32g431xx.o(.text)
    COMP4_IRQHandler                         0x080002b3   Thumb Code     0  startup_stm32g431xx.o(.text)
    CORDIC_IRQHandler                        0x080002b3   Thumb Code     0  startup_stm32g431xx.o(.text)
    CRS_IRQHandler                           0x080002b3   Thumb Code     0  startup_stm32g431xx.o(.text)
    DMA1_Channel1_IRQHandler                 0x080002b3   Thumb Code     0  startup_stm32g431xx.o(.text)
    DMA1_Channel2_IRQHandler                 0x080002b3   Thumb Code     0  startup_stm32g431xx.o(.text)
    DMA1_Channel3_IRQHandler                 0x080002b3   Thumb Code     0  startup_stm32g431xx.o(.text)
    DMA1_Channel4_IRQHandler                 0x080002b3   Thumb Code     0  startup_stm32g431xx.o(.text)
    DMA1_Channel5_IRQHandler                 0x080002b3   Thumb Code     0  startup_stm32g431xx.o(.text)
    DMA1_Channel6_IRQHandler                 0x080002b3   Thumb Code     0  startup_stm32g431xx.o(.text)
    DMA2_Channel1_IRQHandler                 0x080002b3   Thumb Code     0  startup_stm32g431xx.o(.text)
    DMA2_Channel2_IRQHandler                 0x080002b3   Thumb Code     0  startup_stm32g431xx.o(.text)
    DMA2_Channel3_IRQHandler                 0x080002b3   Thumb Code     0  startup_stm32g431xx.o(.text)
    DMA2_Channel4_IRQHandler                 0x080002b3   Thumb Code     0  startup_stm32g431xx.o(.text)
    DMA2_Channel5_IRQHandler                 0x080002b3   Thumb Code     0  startup_stm32g431xx.o(.text)
    DMA2_Channel6_IRQHandler                 0x080002b3   Thumb Code     0  startup_stm32g431xx.o(.text)
    DMAMUX_OVR_IRQHandler                    0x080002b3   Thumb Code     0  startup_stm32g431xx.o(.text)
    EXTI0_IRQHandler                         0x080002b3   Thumb Code     0  startup_stm32g431xx.o(.text)
    EXTI15_10_IRQHandler                     0x080002b3   Thumb Code     0  startup_stm32g431xx.o(.text)
    EXTI1_IRQHandler                         0x080002b3   Thumb Code     0  startup_stm32g431xx.o(.text)
    EXTI2_IRQHandler                         0x080002b3   Thumb Code     0  startup_stm32g431xx.o(.text)
    EXTI3_IRQHandler                         0x080002b3   Thumb Code     0  startup_stm32g431xx.o(.text)
    EXTI4_IRQHandler                         0x080002b3   Thumb Code     0  startup_stm32g431xx.o(.text)
    EXTI9_5_IRQHandler                       0x080002b3   Thumb Code     0  startup_stm32g431xx.o(.text)
    FDCAN1_IT0_IRQHandler                    0x080002b3   Thumb Code     0  startup_stm32g431xx.o(.text)
    FDCAN1_IT1_IRQHandler                    0x080002b3   Thumb Code     0  startup_stm32g431xx.o(.text)
    FLASH_IRQHandler                         0x080002b3   Thumb Code     0  startup_stm32g431xx.o(.text)
    FMAC_IRQHandler                          0x080002b3   Thumb Code     0  startup_stm32g431xx.o(.text)
    FPU_IRQHandler                           0x080002b3   Thumb Code     0  startup_stm32g431xx.o(.text)
    I2C1_ER_IRQHandler                       0x080002b3   Thumb Code     0  startup_stm32g431xx.o(.text)
    I2C1_EV_IRQHandler                       0x080002b3   Thumb Code     0  startup_stm32g431xx.o(.text)
    I2C2_ER_IRQHandler                       0x080002b3   Thumb Code     0  startup_stm32g431xx.o(.text)
    I2C2_EV_IRQHandler                       0x080002b3   Thumb Code     0  startup_stm32g431xx.o(.text)
    I2C3_ER_IRQHandler                       0x080002b3   Thumb Code     0  startup_stm32g431xx.o(.text)
    I2C3_EV_IRQHandler                       0x080002b3   Thumb Code     0  startup_stm32g431xx.o(.text)
    LPTIM1_IRQHandler                        0x080002b3   Thumb Code     0  startup_stm32g431xx.o(.text)
    LPUART1_IRQHandler                       0x080002b3   Thumb Code     0  startup_stm32g431xx.o(.text)
    PVD_PVM_IRQHandler                       0x080002b3   Thumb Code     0  startup_stm32g431xx.o(.text)
    RCC_IRQHandler                           0x080002b3   Thumb Code     0  startup_stm32g431xx.o(.text)
    RNG_IRQHandler                           0x080002b3   Thumb Code     0  startup_stm32g431xx.o(.text)
    RTC_Alarm_IRQHandler                     0x080002b3   Thumb Code     0  startup_stm32g431xx.o(.text)
    RTC_TAMP_LSECSS_IRQHandler               0x080002b3   Thumb Code     0  startup_stm32g431xx.o(.text)
    RTC_WKUP_IRQHandler                      0x080002b3   Thumb Code     0  startup_stm32g431xx.o(.text)
    SAI1_IRQHandler                          0x080002b3   Thumb Code     0  startup_stm32g431xx.o(.text)
    SPI1_IRQHandler                          0x080002b3   Thumb Code     0  startup_stm32g431xx.o(.text)
    SPI2_IRQHandler                          0x080002b3   Thumb Code     0  startup_stm32g431xx.o(.text)
    SPI3_IRQHandler                          0x080002b3   Thumb Code     0  startup_stm32g431xx.o(.text)
    TIM1_BRK_TIM15_IRQHandler                0x080002b3   Thumb Code     0  startup_stm32g431xx.o(.text)
    TIM1_CC_IRQHandler                       0x080002b3   Thumb Code     0  startup_stm32g431xx.o(.text)
    TIM1_TRG_COM_TIM17_IRQHandler            0x080002b3   Thumb Code     0  startup_stm32g431xx.o(.text)
    TIM1_UP_TIM16_IRQHandler                 0x080002b3   Thumb Code     0  startup_stm32g431xx.o(.text)
    TIM2_IRQHandler                          0x080002b3   Thumb Code     0  startup_stm32g431xx.o(.text)
    TIM3_IRQHandler                          0x080002b3   Thumb Code     0  startup_stm32g431xx.o(.text)
    TIM4_IRQHandler                          0x080002b3   Thumb Code     0  startup_stm32g431xx.o(.text)
    TIM6_DAC_IRQHandler                      0x080002b3   Thumb Code     0  startup_stm32g431xx.o(.text)
    TIM7_IRQHandler                          0x080002b3   Thumb Code     0  startup_stm32g431xx.o(.text)
    TIM8_BRK_IRQHandler                      0x080002b3   Thumb Code     0  startup_stm32g431xx.o(.text)
    TIM8_CC_IRQHandler                       0x080002b3   Thumb Code     0  startup_stm32g431xx.o(.text)
    TIM8_TRG_COM_IRQHandler                  0x080002b3   Thumb Code     0  startup_stm32g431xx.o(.text)
    TIM8_UP_IRQHandler                       0x080002b3   Thumb Code     0  startup_stm32g431xx.o(.text)
    UART4_IRQHandler                         0x080002b3   Thumb Code     0  startup_stm32g431xx.o(.text)
    UCPD1_IRQHandler                         0x080002b3   Thumb Code     0  startup_stm32g431xx.o(.text)
    USART2_IRQHandler                        0x080002b3   Thumb Code     0  startup_stm32g431xx.o(.text)
    USART3_IRQHandler                        0x080002b3   Thumb Code     0  startup_stm32g431xx.o(.text)
    USBWakeUp_IRQHandler                     0x080002b3   Thumb Code     0  startup_stm32g431xx.o(.text)
    USB_HP_IRQHandler                        0x080002b3   Thumb Code     0  startup_stm32g431xx.o(.text)
    USB_LP_IRQHandler                        0x080002b3   Thumb Code     0  startup_stm32g431xx.o(.text)
    WWDG_IRQHandler                          0x080002b3   Thumb Code     0  startup_stm32g431xx.o(.text)
    __user_initial_stackheap                 0x080002b5   Thumb Code     0  startup_stm32g431xx.o(.text)
    __aeabi_uldivmod                         0x080002d9   Thumb Code     0  lludivv7m.o(.text)
    _ll_udiv                                 0x080002d9   Thumb Code   238  lludivv7m.o(.text)
    __2sprintf                               0x080003c9   Thumb Code    34  noretval__2sprintf.o(.text)
    _printf_pre_padding                      0x080003f1   Thumb Code    44  _printf_pad.o(.text)
    _printf_post_padding                     0x0800041d   Thumb Code    34  _printf_pad.o(.text)
    _printf_int_dec                          0x08000441   Thumb Code   104  _printf_dec.o(.text)
    __printf                                 0x080004b9   Thumb Code   388  __printf_flags_ss_wp.o(.text)
    strlen                                   0x08000641   Thumb Code    62  strlen.o(.text)
    __aeabi_memclr4                          0x0800067f   Thumb Code     0  rt_memclr_w.o(.text)
    __aeabi_memclr8                          0x0800067f   Thumb Code     0  rt_memclr_w.o(.text)
    __rt_memclr_w                            0x0800067f   Thumb Code    78  rt_memclr_w.o(.text)
    _memset_w                                0x08000683   Thumb Code     0  rt_memclr_w.o(.text)
    __use_two_region_memory                  0x080006cd   Thumb Code     2  heapauxi.o(.text)
    __rt_heap_escrow$2region                 0x080006cf   Thumb Code     2  heapauxi.o(.text)
    __rt_heap_expand$2region                 0x080006d1   Thumb Code     2  heapauxi.o(.text)
    _printf_int_common                       0x080006d3   Thumb Code   178  _printf_intcommon.o(.text)
    __lib_sel_fp_printf                      0x08000785   Thumb Code     2  _printf_fp_dec.o(.text)
    _printf_fp_dec_real                      0x08000937   Thumb Code   620  _printf_fp_dec.o(.text)
    _printf_char_common                      0x08000baf   Thumb Code    32  _printf_char_common.o(.text)
    _sputc                                   0x08000bd5   Thumb Code    10  _sputc.o(.text)
    __rt_locale                              0x08000be1   Thumb Code     8  rt_locale_intlibspace.o(.text)
    _ll_udiv10                               0x08000be9   Thumb Code   138  lludiv10.o(.text)
    _printf_fp_infnan                        0x08000c75   Thumb Code   112  _printf_fp_infnan.o(.text)
    _btod_etento                             0x08000cf5   Thumb Code   224  bigflt0.o(.text)
    __user_libspace                          0x08000dd9   Thumb Code     8  libspace.o(.text)
    __user_perproc_libspace                  0x08000dd9   Thumb Code     0  libspace.o(.text)
    __user_perthread_libspace                0x08000dd9   Thumb Code     0  libspace.o(.text)
    __user_setup_stackheap                   0x08000de1   Thumb Code    74  sys_stackheap_outer.o(.text)
    exit                                     0x08000e2b   Thumb Code    18  exit.o(.text)
    strcmp                                   0x08000e3d   Thumb Code   128  strcmpv7m.o(.text)
    _sys_exit                                0x08000ebd   Thumb Code     8  sys_exit.o(.text)
    __I$use$semihosting                      0x08000ec9   Thumb Code     0  use_no_semi.o(.text)
    __use_no_semihosting_swi                 0x08000ec9   Thumb Code     2  use_no_semi.o(.text)
    __semihosting_library_function           0x08000ecb   Thumb Code     0  indicate_semi.o(.text)
    _btod_d2e                                0x08000ecb   Thumb Code    62  btod.o(CL$$btod_d2e)
    _d2e_denorm_low                          0x08000f09   Thumb Code    70  btod.o(CL$$btod_d2e_denorm_low)
    _d2e_norm_op1                            0x08000f4f   Thumb Code    96  btod.o(CL$$btod_d2e_norm_op1)
    __btod_div_common                        0x08000faf   Thumb Code   696  btod.o(CL$$btod_div_common)
    _e2e                                     0x080012e7   Thumb Code   220  btod.o(CL$$btod_e2e)
    _btod_ediv                               0x080013c3   Thumb Code    42  btod.o(CL$$btod_ediv)
    _btod_emul                               0x080013ed   Thumb Code    42  btod.o(CL$$btod_emul)
    __btod_mult_common                       0x08001417   Thumb Code   580  btod.o(CL$$btod_mult_common)
    ADC_Enable                               0x0800165d   Thumb Code   110  stm32g4xx_hal_adc.o(i.ADC_Enable)
    ADC_Proc                                 0x080016d1   Thumb Code   166  main.o(i.ADC_Proc)
    BusFault_Handler                         0x080017c9   Thumb Code     2  stm32g4xx_it.o(i.BusFault_Handler)
    DebugMon_Handler                         0x080017cb   Thumb Code     2  stm32g4xx_it.o(i.DebugMon_Handler)
    Delay_LCD                                0x080017cd   Thumb Code    28  lcd.o(i.Delay_LCD)
    Error_Handler                            0x080017e9   Thumb Code     4  main.o(i.Error_Handler)
    HAL_ADC_ConfigChannel                    0x080017ed   Thumb Code   998  stm32g4xx_hal_adc.o(i.HAL_ADC_ConfigChannel)
    HAL_ADC_GetValue                         0x08001c05   Thumb Code     6  stm32g4xx_hal_adc.o(i.HAL_ADC_GetValue)
    HAL_ADC_Init                             0x08001c0d   Thumb Code   476  stm32g4xx_hal_adc.o(i.HAL_ADC_Init)
    HAL_ADC_MspInit                          0x08001e09   Thumb Code   106  adc.o(i.HAL_ADC_MspInit)
    HAL_ADC_Start                            0x08001e81   Thumb Code   230  stm32g4xx_hal_adc.o(i.HAL_ADC_Start)
    HAL_DMA_Abort                            0x08001f75   Thumb Code   106  stm32g4xx_hal_dma.o(i.HAL_DMA_Abort)
    HAL_DMA_Abort_IT                         0x08001fdf   Thumb Code   120  stm32g4xx_hal_dma.o(i.HAL_DMA_Abort_IT)
    HAL_Delay                                0x08002059   Thumb Code    32  stm32g4xx_hal.o(i.HAL_Delay)
    HAL_GPIO_Init                            0x0800207d   Thumb Code   550  stm32g4xx_hal_gpio.o(i.HAL_GPIO_Init)
    HAL_GPIO_ReadPin                         0x080022c5   Thumb Code    10  stm32g4xx_hal_gpio.o(i.HAL_GPIO_ReadPin)
    HAL_GPIO_WritePin                        0x080022cf   Thumb Code    10  stm32g4xx_hal_gpio.o(i.HAL_GPIO_WritePin)
    HAL_GetTick                              0x080022d9   Thumb Code     6  stm32g4xx_hal.o(i.HAL_GetTick)
    HAL_IncTick                              0x080022e5   Thumb Code    12  stm32g4xx_hal.o(i.HAL_IncTick)
    HAL_Init                                 0x080022f5   Thumb Code    30  stm32g4xx_hal.o(i.HAL_Init)
    HAL_InitTick                             0x08002315   Thumb Code    58  stm32g4xx_hal.o(i.HAL_InitTick)
    HAL_MspInit                              0x08002359   Thumb Code    42  stm32g4xx_hal_msp.o(i.HAL_MspInit)
    HAL_NVIC_EnableIRQ                       0x08002389   Thumb Code    26  stm32g4xx_hal_cortex.o(i.HAL_NVIC_EnableIRQ)
    HAL_NVIC_SetPriority                     0x080023a5   Thumb Code    60  stm32g4xx_hal_cortex.o(i.HAL_NVIC_SetPriority)
    HAL_NVIC_SetPriorityGrouping             0x080023e5   Thumb Code    26  stm32g4xx_hal_cortex.o(i.HAL_NVIC_SetPriorityGrouping)
    HAL_PWREx_ControlVoltageScaling          0x08002409   Thumb Code   174  stm32g4xx_hal_pwr_ex.o(i.HAL_PWREx_ControlVoltageScaling)
    HAL_PWREx_DisableUCPDDeadBattery         0x080024c5   Thumb Code    12  stm32g4xx_hal_pwr_ex.o(i.HAL_PWREx_DisableUCPDDeadBattery)
    HAL_RCCEx_PeriphCLKConfig                0x080024d5   Thumb Code   638  stm32g4xx_hal_rcc_ex.o(i.HAL_RCCEx_PeriphCLKConfig)
    HAL_RCC_ClockConfig                      0x0800275d   Thumb Code   444  stm32g4xx_hal_rcc.o(i.HAL_RCC_ClockConfig)
    HAL_RCC_GetPCLK1Freq                     0x08002939   Thumb Code    24  stm32g4xx_hal_rcc.o(i.HAL_RCC_GetPCLK1Freq)
    HAL_RCC_GetPCLK2Freq                     0x0800295d   Thumb Code    24  stm32g4xx_hal_rcc.o(i.HAL_RCC_GetPCLK2Freq)
    HAL_RCC_GetSysClockFreq                  0x08002981   Thumb Code    98  stm32g4xx_hal_rcc.o(i.HAL_RCC_GetSysClockFreq)
    HAL_RCC_OscConfig                        0x080029ed   Thumb Code  1036  stm32g4xx_hal_rcc.o(i.HAL_RCC_OscConfig)
    HAL_SYSTICK_Config                       0x08002df9   Thumb Code    40  stm32g4xx_hal_cortex.o(i.HAL_SYSTICK_Config)
    HAL_UARTEx_DisableFifoMode               0x08002e21   Thumb Code    62  stm32g4xx_hal_uart_ex.o(i.HAL_UARTEx_DisableFifoMode)
    HAL_UARTEx_RxEventCallback               0x08002e5f   Thumb Code     2  stm32g4xx_hal_uart.o(i.HAL_UARTEx_RxEventCallback)
    HAL_UARTEx_RxFifoFullCallback            0x08002e61   Thumb Code     2  stm32g4xx_hal_uart_ex.o(i.HAL_UARTEx_RxFifoFullCallback)
    HAL_UARTEx_SetRxFifoThreshold            0x08002e63   Thumb Code    76  stm32g4xx_hal_uart_ex.o(i.HAL_UARTEx_SetRxFifoThreshold)
    HAL_UARTEx_SetTxFifoThreshold            0x08002eaf   Thumb Code    76  stm32g4xx_hal_uart_ex.o(i.HAL_UARTEx_SetTxFifoThreshold)
    HAL_UARTEx_TxFifoEmptyCallback           0x08002efb   Thumb Code     2  stm32g4xx_hal_uart_ex.o(i.HAL_UARTEx_TxFifoEmptyCallback)
    HAL_UARTEx_WakeupCallback                0x08002efd   Thumb Code     2  stm32g4xx_hal_uart_ex.o(i.HAL_UARTEx_WakeupCallback)
    HAL_UART_ErrorCallback                   0x08002eff   Thumb Code     2  stm32g4xx_hal_uart.o(i.HAL_UART_ErrorCallback)
    HAL_UART_IRQHandler                      0x08002f01   Thumb Code   722  stm32g4xx_hal_uart.o(i.HAL_UART_IRQHandler)
    HAL_UART_Init                            0x080031e1   Thumb Code   106  stm32g4xx_hal_uart.o(i.HAL_UART_Init)
    HAL_UART_MspInit                         0x0800324d   Thumb Code   132  usart.o(i.HAL_UART_MspInit)
    HAL_UART_Receive_IT                      0x080032d9   Thumb Code    80  stm32g4xx_hal_uart.o(i.HAL_UART_Receive_IT)
    HAL_UART_RxCpltCallback                  0x0800332d   Thumb Code   116  main.o(i.HAL_UART_RxCpltCallback)
    HAL_UART_Transmit                        0x080033d5   Thumb Code   188  stm32g4xx_hal_uart.o(i.HAL_UART_Transmit)
    HAL_UART_TxCpltCallback                  0x08003491   Thumb Code     2  stm32g4xx_hal_uart.o(i.HAL_UART_TxCpltCallback)
    HardFault_Handler                        0x08003493   Thumb Code     2  stm32g4xx_it.o(i.HardFault_Handler)
    I2CInit                                  0x08003495   Thumb Code    38  i2c - hal.o(i.I2CInit)
    I2CReceiveByte                           0x080034c1   Thumb Code    78  i2c - hal.o(i.I2CReceiveByte)
    I2CSendAck                               0x0800350f   Thumb Code    48  i2c - hal.o(i.I2CSendAck)
    I2CSendByte                              0x0800353f   Thumb Code    78  i2c - hal.o(i.I2CSendByte)
    I2CSendNotAck                            0x0800358d   Thumb Code    48  i2c - hal.o(i.I2CSendNotAck)
    I2CStart                                 0x080035bd   Thumb Code    54  i2c - hal.o(i.I2CStart)
    I2CStop                                  0x080035f3   Thumb Code    54  i2c - hal.o(i.I2CStop)
    I2CWaitAck                               0x08003629   Thumb Code    80  i2c - hal.o(i.I2CWaitAck)
    I2C_24C02_Read                           0x08003679   Thumb Code    82  i2c - hal.o(i.I2C_24C02_Read)
    I2C_24C02_Write                          0x080036cd   Thumb Code    62  i2c - hal.o(i.I2C_24C02_Write)
    Key_Proc                                 0x0800370d   Thumb Code   212  main.o(i.Key_Proc)
    Key_Scan                                 0x08003819   Thumb Code    60  gpio.o(i.Key_Scan)
    LCD_BusIn                                0x08003859   Thumb Code    40  lcd.o(i.LCD_BusIn)
    LCD_BusOut                               0x08003885   Thumb Code    42  lcd.o(i.LCD_BusOut)
    LCD_Clear                                0x080038b5   Thumb Code    36  lcd.o(i.LCD_Clear)
    LCD_CtrlLinesConfig                      0x080038d9   Thumb Code   136  lcd.o(i.LCD_CtrlLinesConfig)
    LCD_DisplayChar                          0x08003969   Thumb Code    18  lcd.o(i.LCD_DisplayChar)
    LCD_DisplayStringLine                    0x08003981   Thumb Code    42  lcd.o(i.LCD_DisplayStringLine)
    LCD_DrawChar                             0x080039ad   Thumb Code    84  lcd.o(i.LCD_DrawChar)
    LCD_Init                                 0x08003a05   Thumb Code    46  lcd.o(i.LCD_Init)
    LCD_ReadReg                              0x08003a39   Thumb Code   120  lcd.o(i.LCD_ReadReg)
    LCD_SetBackColor                         0x08003ab9   Thumb Code    12  lcd.o(i.LCD_SetBackColor)
    LCD_SetCursor                            0x08003ac9   Thumb Code    24  lcd.o(i.LCD_SetCursor)
    LCD_SetTextColor                         0x08003ae1   Thumb Code    12  lcd.o(i.LCD_SetTextColor)
    LCD_WriteRAM                             0x08003af1   Thumb Code    80  lcd.o(i.LCD_WriteRAM)
    LCD_WriteRAM_Prepare                     0x08003b49   Thumb Code    82  lcd.o(i.LCD_WriteRAM_Prepare)
    LCD_WriteReg                             0x08003ba5   Thumb Code   100  lcd.o(i.LCD_WriteReg)
    Lcd_Proc                                 0x08003c5d   Thumb Code   244  main.o(i.Lcd_Proc)
    Led_Disp                                 0x08003e1d   Thumb Code    74  gpio.o(i.Led_Disp)
    Led_Proc                                 0x08003e71   Thumb Code    88  main.o(i.Led_Proc)
    Led_Proc_1                               0x08003ed1   Thumb Code    30  main.o(i.Led_Proc_1)
    MX_ADC2_Init                             0x08003ef9   Thumb Code   110  adc.o(i.MX_ADC2_Init)
    MX_GPIO_Init                             0x08003f75   Thumb Code   226  gpio.o(i.MX_GPIO_Init)
    MX_USART1_UART_Init                      0x08004069   Thumb Code    94  usart.o(i.MX_USART1_UART_Init)
    MemManage_Handler                        0x080040d1   Thumb Code     2  stm32g4xx_it.o(i.MemManage_Handler)
    NMI_Handler                              0x080040d3   Thumb Code     2  stm32g4xx_it.o(i.NMI_Handler)
    PendSV_Handler                           0x080040d5   Thumb Code     2  stm32g4xx_it.o(i.PendSV_Handler)
    REG_8230_Init                            0x080040d7   Thumb Code   274  lcd.o(i.REG_8230_Init)
    REG_932X_Init                            0x080041e9   Thumb Code   514  lcd.o(i.REG_932X_Init)
    SCL_Output                               0x080043ed   Thumb Code    20  i2c - hal.o(i.SCL_Output)
    SDA_Input                                0x08004405   Thumb Code    18  i2c - hal.o(i.SDA_Input)
    SDA_Input_Mode                           0x0800441d   Thumb Code    40  i2c - hal.o(i.SDA_Input_Mode)
    SDA_Output                               0x08004449   Thumb Code    20  i2c - hal.o(i.SDA_Output)
    SDA_Output_Mode                          0x08004461   Thumb Code    40  i2c - hal.o(i.SDA_Output_Mode)
    SVC_Handler                              0x0800448d   Thumb Code     2  stm32g4xx_it.o(i.SVC_Handler)
    SysTick_Handler                          0x0800448f   Thumb Code     4  stm32g4xx_it.o(i.SysTick_Handler)
    SystemClock_Config                       0x08004493   Thumb Code   106  main.o(i.SystemClock_Config)
    SystemInit                               0x080044fd   Thumb Code    12  system_stm32g4xx.o(i.SystemInit)
    UART_AdvFeatureConfig                    0x08004551   Thumb Code   200  stm32g4xx_hal_uart.o(i.UART_AdvFeatureConfig)
    UART_CheckIdleState                      0x08004619   Thumb Code    96  stm32g4xx_hal_uart.o(i.UART_CheckIdleState)
    UART_SetConfig                           0x08004b11   Thumb Code   582  stm32g4xx_hal_uart.o(i.UART_SetConfig)
    UART_Start_Receive_IT                    0x08004d85   Thumb Code   262  stm32g4xx_hal_uart.o(i.UART_Start_Receive_IT)
    UART_WaitOnFlagUntilTimeout              0x08004e9d   Thumb Code   198  stm32g4xx_hal_uart.o(i.UART_WaitOnFlagUntilTimeout)
    USART1_IRQHandler                        0x08004f65   Thumb Code     6  stm32g4xx_it.o(i.USART1_IRQHandler)
    UsageFault_Handler                       0x08004f71   Thumb Code     2  stm32g4xx_it.o(i.UsageFault_Handler)
    __ARM_fpclassify                         0x08004f73   Thumb Code    48  fpclassify.o(i.__ARM_fpclassify)
    _is_digit                                0x08004fc3   Thumb Code    14  __printf_wp.o(i._is_digit)
    getADC2                                  0x08004fdd   Thumb Code    18  adc.o(i.getADC2)
    main                                     0x08004ff5   Thumb Code   134  main.o(i.main)
    _get_lc_numeric                          0x08005085   Thumb Code    44  lc_numeric_c.o(locale$$code)
    __aeabi_ddiv                             0x080050b1   Thumb Code     0  ddiv.o(x$fpl$ddiv)
    _ddiv                                    0x080050b1   Thumb Code   552  ddiv.o(x$fpl$ddiv)
    __aeabi_d2uiz                            0x08005361   Thumb Code     0  dfixu.o(x$fpl$dfixu)
    _dfixu                                   0x08005361   Thumb Code    90  dfixu.o(x$fpl$dfixu)
    __aeabi_ui2d                             0x080053bb   Thumb Code     0  dflt_clz.o(x$fpl$dfltu)
    _dfltu                                   0x080053bb   Thumb Code    38  dflt_clz.o(x$fpl$dfltu)
    __aeabi_dmul                             0x080053e1   Thumb Code     0  dmul.o(x$fpl$dmul)
    _dmul                                    0x080053e1   Thumb Code   332  dmul.o(x$fpl$dmul)
    __fpl_dnaninf                            0x08005535   Thumb Code   156  dnaninf.o(x$fpl$dnaninf)
    __fpl_dretinf                            0x080055d1   Thumb Code    12  dretinf.o(x$fpl$dretinf)
    _fp_init                                 0x080055dd   Thumb Code    10  fpinit.o(x$fpl$fpinit)
    __fplib_config_fpu_vfp                   0x080055e5   Thumb Code     0  fpinit.o(x$fpl$fpinit)
    __fplib_config_pureend_doubles           0x080055e5   Thumb Code     0  fpinit.o(x$fpl$fpinit)
    _printf_fp_dec                           0x080055e7   Thumb Code     4  printf1.o(x$fpl$printf1)
    ASCII_Table                              0x080055ea   Data        4560  lcd.o(.constdata)
    __I$use$fp                               0x080055ea   Number         0  usenofp.o(x$fpl$usenofp)
    UARTPrescTable                           0x080067ba   Data          24  stm32g4xx_hal_uart.o(.constdata)
    AHBPrescTable                            0x080067e2   Data          16  system_stm32g4xx.o(.constdata)
    APBPrescTable                            0x080067f2   Data           8  system_stm32g4xx.o(.constdata)
    Region$$Table$$Base                      0x080068a0   Number         0  anon$$obj.o(Region$$Table)
    Region$$Table$$Limit                     0x080068c0   Number         0  anon$$obj.o(Region$$Table)
    dummy                                    0x20000004   Data           2  lcd.o(.data)
    Height                                   0x20000008   Data           1  main.o(.data)
    ucNum_1                                  0x20000009   Data           1  main.o(.data)
    ucNum_2                                  0x2000000a   Data           1  main.o(.data)
    ucKey_Val                                0x2000000b   Data           1  main.o(.data)
    ucKey_Down                               0x2000000c   Data           1  main.o(.data)
    ucKey_Up                                 0x2000000d   Data           1  main.o(.data)
    ucKey_Old                                0x2000000e   Data           1  main.o(.data)
    Level                                    0x2000000f   Data           1  main.o(.data)
    Level_Old                                0x20000010   Data           1  main.o(.data)
    ucState                                  0x20000011   Data           1  main.o(.data)
    pucRcv                                   0x20000012   Data           1  main.o(.data)
    ucLed                                    0x20000013   Data           1  main.o(.data)
    ucLd2                                    0x20000014   Data           1  main.o(.data)
    ucLd3                                    0x20000015   Data           1  main.o(.data)
    pucTh                                    0x20000016   Data           3  main.o(.data)
    uwTick_Lcd_Set_Point                     0x2000001c   Data           4  main.o(.data)
    uwTick_ADC_Set_Point                     0x20000020   Data           4  main.o(.data)
    uwTick_Key_Set_Point                     0x20000024   Data           4  main.o(.data)
    uwTick_Led_Set_Point                     0x20000028   Data           4  main.o(.data)
    uwTick_Led_Set_Point_1                   0x2000002c   Data           4  main.o(.data)
    AVE_AD_R37                               0x20000030   Data           8  main.o(.data)
    uwTickPrio                               0x20000038   Data           4  stm32g4xx_hal.o(.data)
    uwTickFreq                               0x2000003c   Data           4  stm32g4xx_hal.o(.data)
    uwTick                                   0x20000040   Data           4  stm32g4xx_hal.o(.data)
    SystemCoreClock                          0x20000044   Data           4  system_stm32g4xx.o(.data)
    Lcd_Disp_String                          0x20000048   Data          21  main.o(.bss)
    str                                      0x2000005d   Data          40  main.o(.bss)
    hadc2                                    0x20000088   Data         108  adc.o(.bss)
    huart1                                   0x200000f4   Data         144  usart.o(.bss)
    __libspace_start                         0x20000184   Data          96  libspace.o(.bss)
    __temporary_stack_top$libspace           0x200001e4   Data           0  libspace.o(.bss)



==============================================================================

Memory Map of the image

  Image Entry point : 0x080001d9

  Load Region LR_IROM1 (Base: 0x08000000, Size: 0x00006924, Max: 0x00020000, ABSOLUTE)

    Execution Region ER_IROM1 (Exec base: 0x08000000, Load base: 0x08000000, Size: 0x000068dc, Max: 0x00020000, ABSOLUTE)

    Exec Addr    Load Addr    Size         Type   Attr      Idx    E Section Name        Object

    0x08000000   0x08000000   0x000001d8   Data   RO            3    RESET               startup_stm32g431xx.o
    0x080001d8   0x080001d8   0x00000008   Code   RO         3334  * !!!main             c_w.l(__main.o)
    0x080001e0   0x080001e0   0x00000034   Code   RO         3578    !!!scatter          c_w.l(__scatter.o)
    0x08000214   0x08000214   0x0000001a   Code   RO         3580    !!handler_copy      c_w.l(__scatter_copy.o)
    0x0800022e   0x0800022e   0x00000002   PAD
    0x08000230   0x08000230   0x0000001c   Code   RO         3582    !!handler_zi        c_w.l(__scatter_zi.o)
    0x0800024c   0x0800024c   0x00000000   Code   RO         3327    .ARM.Collect$$_printf_percent$$00000000  c_w.l(_printf_percent.o)
    0x0800024c   0x0800024c   0x00000006   Code   RO         3326    .ARM.Collect$$_printf_percent$$00000003  c_w.l(_printf_f.o)
    0x08000252   0x08000252   0x00000006   Code   RO         3325    .ARM.Collect$$_printf_percent$$0000000A  c_w.l(_printf_u.o)
    0x08000258   0x08000258   0x00000004   Code   RO         3367    .ARM.Collect$$_printf_percent$$00000017  c_w.l(_printf_percent_end.o)
    0x0800025c   0x0800025c   0x00000002   Code   RO         3451    .ARM.Collect$$libinit$$00000000  c_w.l(libinit.o)
    0x0800025e   0x0800025e   0x00000004   Code   RO         3452    .ARM.Collect$$libinit$$00000001  c_w.l(libinit2.o)
    0x08000262   0x08000262   0x00000000   Code   RO         3455    .ARM.Collect$$libinit$$00000004  c_w.l(libinit2.o)
    0x08000262   0x08000262   0x00000000   Code   RO         3458    .ARM.Collect$$libinit$$0000000A  c_w.l(libinit2.o)
    0x08000262   0x08000262   0x00000000   Code   RO         3460    .ARM.Collect$$libinit$$0000000C  c_w.l(libinit2.o)
    0x08000262   0x08000262   0x00000000   Code   RO         3462    .ARM.Collect$$libinit$$0000000E  c_w.l(libinit2.o)
    0x08000262   0x08000262   0x00000006   Code   RO         3463    .ARM.Collect$$libinit$$0000000F  c_w.l(libinit2.o)
    0x08000268   0x08000268   0x00000000   Code   RO         3465    .ARM.Collect$$libinit$$00000011  c_w.l(libinit2.o)
    0x08000268   0x08000268   0x00000000   Code   RO         3467    .ARM.Collect$$libinit$$00000013  c_w.l(libinit2.o)
    0x08000268   0x08000268   0x00000000   Code   RO         3469    .ARM.Collect$$libinit$$00000015  c_w.l(libinit2.o)
    0x08000268   0x08000268   0x0000000a   Code   RO         3470    .ARM.Collect$$libinit$$00000016  c_w.l(libinit2.o)
    0x08000272   0x08000272   0x00000000   Code   RO         3471    .ARM.Collect$$libinit$$00000017  c_w.l(libinit2.o)
    0x08000272   0x08000272   0x00000000   Code   RO         3473    .ARM.Collect$$libinit$$00000019  c_w.l(libinit2.o)
    0x08000272   0x08000272   0x00000000   Code   RO         3475    .ARM.Collect$$libinit$$0000001B  c_w.l(libinit2.o)
    0x08000272   0x08000272   0x00000000   Code   RO         3477    .ARM.Collect$$libinit$$0000001D  c_w.l(libinit2.o)
    0x08000272   0x08000272   0x00000000   Code   RO         3479    .ARM.Collect$$libinit$$0000001F  c_w.l(libinit2.o)
    0x08000272   0x08000272   0x00000000   Code   RO         3481    .ARM.Collect$$libinit$$00000021  c_w.l(libinit2.o)
    0x08000272   0x08000272   0x00000000   Code   RO         3483    .ARM.Collect$$libinit$$00000023  c_w.l(libinit2.o)
    0x08000272   0x08000272   0x00000000   Code   RO         3485    .ARM.Collect$$libinit$$00000025  c_w.l(libinit2.o)
    0x08000272   0x08000272   0x00000000   Code   RO         3489    .ARM.Collect$$libinit$$0000002C  c_w.l(libinit2.o)
    0x08000272   0x08000272   0x00000000   Code   RO         3491    .ARM.Collect$$libinit$$0000002E  c_w.l(libinit2.o)
    0x08000272   0x08000272   0x00000000   Code   RO         3493    .ARM.Collect$$libinit$$00000030  c_w.l(libinit2.o)
    0x08000272   0x08000272   0x00000000   Code   RO         3495    .ARM.Collect$$libinit$$00000032  c_w.l(libinit2.o)
    0x08000272   0x08000272   0x00000002   Code   RO         3496    .ARM.Collect$$libinit$$00000033  c_w.l(libinit2.o)
    0x08000274   0x08000274   0x00000002   Code   RO         3543    .ARM.Collect$$libshutdown$$00000000  c_w.l(libshutdown.o)
    0x08000276   0x08000276   0x00000000   Code   RO         3561    .ARM.Collect$$libshutdown$$00000002  c_w.l(libshutdown2.o)
    0x08000276   0x08000276   0x00000000   Code   RO         3563    .ARM.Collect$$libshutdown$$00000004  c_w.l(libshutdown2.o)
    0x08000276   0x08000276   0x00000000   Code   RO         3566    .ARM.Collect$$libshutdown$$00000007  c_w.l(libshutdown2.o)
    0x08000276   0x08000276   0x00000000   Code   RO         3569    .ARM.Collect$$libshutdown$$0000000A  c_w.l(libshutdown2.o)
    0x08000276   0x08000276   0x00000000   Code   RO         3571    .ARM.Collect$$libshutdown$$0000000C  c_w.l(libshutdown2.o)
    0x08000276   0x08000276   0x00000000   Code   RO         3574    .ARM.Collect$$libshutdown$$0000000F  c_w.l(libshutdown2.o)
    0x08000276   0x08000276   0x00000002   Code   RO         3575    .ARM.Collect$$libshutdown$$00000010  c_w.l(libshutdown2.o)
    0x08000278   0x08000278   0x00000000   Code   RO         3354    .ARM.Collect$$rtentry$$00000000  c_w.l(__rtentry.o)
    0x08000278   0x08000278   0x00000000   Code   RO         3374    .ARM.Collect$$rtentry$$00000002  c_w.l(__rtentry2.o)
    0x08000278   0x08000278   0x00000006   Code   RO         3386    .ARM.Collect$$rtentry$$00000004  c_w.l(__rtentry4.o)
    0x0800027e   0x0800027e   0x00000000   Code   RO         3376    .ARM.Collect$$rtentry$$00000009  c_w.l(__rtentry2.o)
    0x0800027e   0x0800027e   0x00000004   Code   RO         3377    .ARM.Collect$$rtentry$$0000000A  c_w.l(__rtentry2.o)
    0x08000282   0x08000282   0x00000000   Code   RO         3379    .ARM.Collect$$rtentry$$0000000C  c_w.l(__rtentry2.o)
    0x08000282   0x08000282   0x00000008   Code   RO         3380    .ARM.Collect$$rtentry$$0000000D  c_w.l(__rtentry2.o)
    0x0800028a   0x0800028a   0x00000002   Code   RO         3497    .ARM.Collect$$rtexit$$00000000  c_w.l(rtexit.o)
    0x0800028c   0x0800028c   0x00000000   Code   RO         3512    .ARM.Collect$$rtexit$$00000002  c_w.l(rtexit2.o)
    0x0800028c   0x0800028c   0x00000004   Code   RO         3513    .ARM.Collect$$rtexit$$00000003  c_w.l(rtexit2.o)
    0x08000290   0x08000290   0x00000006   Code   RO         3514    .ARM.Collect$$rtexit$$00000004  c_w.l(rtexit2.o)
    0x08000296   0x08000296   0x00000002   PAD
    0x08000298   0x08000298   0x00000040   Code   RO            4    .text               startup_stm32g431xx.o
    0x080002d8   0x080002d8   0x000000ee   Code   RO         3293    .text               c_w.l(lludivv7m.o)
    0x080003c6   0x080003c6   0x00000002   PAD
    0x080003c8   0x080003c8   0x00000028   Code   RO         3297    .text               c_w.l(noretval__2sprintf.o)
    0x080003f0   0x080003f0   0x0000004e   Code   RO         3301    .text               c_w.l(_printf_pad.o)
    0x0800043e   0x0800043e   0x00000002   PAD
    0x08000440   0x08000440   0x00000078   Code   RO         3303    .text               c_w.l(_printf_dec.o)
    0x080004b8   0x080004b8   0x00000188   Code   RO         3322    .text               c_w.l(__printf_flags_ss_wp.o)
    0x08000640   0x08000640   0x0000003e   Code   RO         3328    .text               c_w.l(strlen.o)
    0x0800067e   0x0800067e   0x0000004e   Code   RO         3330    .text               c_w.l(rt_memclr_w.o)
    0x080006cc   0x080006cc   0x00000006   Code   RO         3332    .text               c_w.l(heapauxi.o)
    0x080006d2   0x080006d2   0x000000b2   Code   RO         3359    .text               c_w.l(_printf_intcommon.o)
    0x08000784   0x08000784   0x0000041e   Code   RO         3361    .text               c_w.l(_printf_fp_dec.o)
    0x08000ba2   0x08000ba2   0x00000002   PAD
    0x08000ba4   0x08000ba4   0x00000030   Code   RO         3363    .text               c_w.l(_printf_char_common.o)
    0x08000bd4   0x08000bd4   0x0000000a   Code   RO         3365    .text               c_w.l(_sputc.o)
    0x08000bde   0x08000bde   0x00000002   PAD
    0x08000be0   0x08000be0   0x00000008   Code   RO         3393    .text               c_w.l(rt_locale_intlibspace.o)
    0x08000be8   0x08000be8   0x0000008a   Code   RO         3395    .text               c_w.l(lludiv10.o)
    0x08000c72   0x08000c72   0x00000002   PAD
    0x08000c74   0x08000c74   0x00000080   Code   RO         3397    .text               c_w.l(_printf_fp_infnan.o)
    0x08000cf4   0x08000cf4   0x000000e4   Code   RO         3401    .text               c_w.l(bigflt0.o)
    0x08000dd8   0x08000dd8   0x00000008   Code   RO         3433    .text               c_w.l(libspace.o)
    0x08000de0   0x08000de0   0x0000004a   Code   RO         3436    .text               c_w.l(sys_stackheap_outer.o)
    0x08000e2a   0x08000e2a   0x00000012   Code   RO         3438    .text               c_w.l(exit.o)
    0x08000e3c   0x08000e3c   0x00000080   Code   RO         3444    .text               c_w.l(strcmpv7m.o)
    0x08000ebc   0x08000ebc   0x0000000c   Code   RO         3509    .text               c_w.l(sys_exit.o)
    0x08000ec8   0x08000ec8   0x00000002   Code   RO         3530    .text               c_w.l(use_no_semi.o)
    0x08000eca   0x08000eca   0x00000000   Code   RO         3532    .text               c_w.l(indicate_semi.o)
    0x08000eca   0x08000eca   0x0000003e   Code   RO         3404    CL$$btod_d2e        c_w.l(btod.o)
    0x08000f08   0x08000f08   0x00000046   Code   RO         3406    CL$$btod_d2e_denorm_low  c_w.l(btod.o)
    0x08000f4e   0x08000f4e   0x00000060   Code   RO         3405    CL$$btod_d2e_norm_op1  c_w.l(btod.o)
    0x08000fae   0x08000fae   0x00000338   Code   RO         3414    CL$$btod_div_common  c_w.l(btod.o)
    0x080012e6   0x080012e6   0x000000dc   Code   RO         3411    CL$$btod_e2e        c_w.l(btod.o)
    0x080013c2   0x080013c2   0x0000002a   Code   RO         3408    CL$$btod_ediv       c_w.l(btod.o)
    0x080013ec   0x080013ec   0x0000002a   Code   RO         3407    CL$$btod_emul       c_w.l(btod.o)
    0x08001416   0x08001416   0x00000244   Code   RO         3413    CL$$btod_mult_common  c_w.l(btod.o)
    0x0800165a   0x0800165a   0x00000002   PAD
    0x0800165c   0x0800165c   0x00000074   Code   RO          771    i.ADC_Enable        stm32g4xx_hal_adc.o
    0x080016d0   0x080016d0   0x000000f8   Code   RO          439    i.ADC_Proc          main.o
    0x080017c8   0x080017c8   0x00000002   Code   RO          660    i.BusFault_Handler  stm32g4xx_it.o
    0x080017ca   0x080017ca   0x00000002   Code   RO          661    i.DebugMon_Handler  stm32g4xx_it.o
    0x080017cc   0x080017cc   0x0000001c   Code   RO           13    i.Delay_LCD         lcd.o
    0x080017e8   0x080017e8   0x00000004   Code   RO          440    i.Error_Handler     main.o
    0x080017ec   0x080017ec   0x00000418   Code   RO          773    i.HAL_ADC_ConfigChannel  stm32g4xx_hal_adc.o
    0x08001c04   0x08001c04   0x00000006   Code   RO          780    i.HAL_ADC_GetValue  stm32g4xx_hal_adc.o
    0x08001c0a   0x08001c0a   0x00000002   PAD
    0x08001c0c   0x08001c0c   0x000001fc   Code   RO          782    i.HAL_ADC_Init      stm32g4xx_hal_adc.o
    0x08001e08   0x08001e08   0x00000078   Code   RO          571    i.HAL_ADC_MspInit   adc.o
    0x08001e80   0x08001e80   0x000000f4   Code   RO          788    i.HAL_ADC_Start     stm32g4xx_hal_adc.o
    0x08001f74   0x08001f74   0x0000006a   Code   RO         2049    i.HAL_DMA_Abort     stm32g4xx_hal_dma.o
    0x08001fde   0x08001fde   0x00000078   Code   RO         2050    i.HAL_DMA_Abort_IT  stm32g4xx_hal_dma.o
    0x08002056   0x08002056   0x00000002   PAD
    0x08002058   0x08002058   0x00000024   Code   RO         1220    i.HAL_Delay         stm32g4xx_hal.o
    0x0800207c   0x0800207c   0x00000248   Code   RO         1911    i.HAL_GPIO_Init     stm32g4xx_hal_gpio.o
    0x080022c4   0x080022c4   0x0000000a   Code   RO         1913    i.HAL_GPIO_ReadPin  stm32g4xx_hal_gpio.o
    0x080022ce   0x080022ce   0x0000000a   Code   RO         1915    i.HAL_GPIO_WritePin  stm32g4xx_hal_gpio.o
    0x080022d8   0x080022d8   0x0000000c   Code   RO         1224    i.HAL_GetTick       stm32g4xx_hal.o
    0x080022e4   0x080022e4   0x00000010   Code   RO         1227    i.HAL_IncTick       stm32g4xx_hal.o
    0x080022f4   0x080022f4   0x0000001e   Code   RO         1228    i.HAL_Init          stm32g4xx_hal.o
    0x08002312   0x08002312   0x00000002   PAD
    0x08002314   0x08002314   0x00000044   Code   RO         1229    i.HAL_InitTick      stm32g4xx_hal.o
    0x08002358   0x08002358   0x00000030   Code   RO          742    i.HAL_MspInit       stm32g4xx_hal_msp.o
    0x08002388   0x08002388   0x0000001a   Code   RO         2558    i.HAL_NVIC_EnableIRQ  stm32g4xx_hal_cortex.o
    0x080023a2   0x080023a2   0x00000002   PAD
    0x080023a4   0x080023a4   0x00000040   Code   RO         2564    i.HAL_NVIC_SetPriority  stm32g4xx_hal_cortex.o
    0x080023e4   0x080023e4   0x00000024   Code   RO         2565    i.HAL_NVIC_SetPriorityGrouping  stm32g4xx_hal_cortex.o
    0x08002408   0x08002408   0x000000bc   Code   RO         2314    i.HAL_PWREx_ControlVoltageScaling  stm32g4xx_hal_pwr_ex.o
    0x080024c4   0x080024c4   0x00000010   Code   RO         2326    i.HAL_PWREx_DisableUCPDDeadBattery  stm32g4xx_hal_pwr_ex.o
    0x080024d4   0x080024d4   0x00000288   Code   RO         1573    i.HAL_RCCEx_PeriphCLKConfig  stm32g4xx_hal_rcc_ex.o
    0x0800275c   0x0800275c   0x000001dc   Code   RO         1448    i.HAL_RCC_ClockConfig  stm32g4xx_hal_rcc.o
    0x08002938   0x08002938   0x00000024   Code   RO         1456    i.HAL_RCC_GetPCLK1Freq  stm32g4xx_hal_rcc.o
    0x0800295c   0x0800295c   0x00000024   Code   RO         1457    i.HAL_RCC_GetPCLK2Freq  stm32g4xx_hal_rcc.o
    0x08002980   0x08002980   0x0000006c   Code   RO         1458    i.HAL_RCC_GetSysClockFreq  stm32g4xx_hal_rcc.o
    0x080029ec   0x080029ec   0x0000040c   Code   RO         1461    i.HAL_RCC_OscConfig  stm32g4xx_hal_rcc.o
    0x08002df8   0x08002df8   0x00000028   Code   RO         2569    i.HAL_SYSTICK_Config  stm32g4xx_hal_cortex.o
    0x08002e20   0x08002e20   0x0000003e   Code   RO         3144    i.HAL_UARTEx_DisableFifoMode  stm32g4xx_hal_uart_ex.o
    0x08002e5e   0x08002e5e   0x00000002   Code   RO         2733    i.HAL_UARTEx_RxEventCallback  stm32g4xx_hal_uart.o
    0x08002e60   0x08002e60   0x00000002   Code   RO         3151    i.HAL_UARTEx_RxFifoFullCallback  stm32g4xx_hal_uart_ex.o
    0x08002e62   0x08002e62   0x0000004c   Code   RO         3152    i.HAL_UARTEx_SetRxFifoThreshold  stm32g4xx_hal_uart_ex.o
    0x08002eae   0x08002eae   0x0000004c   Code   RO         3153    i.HAL_UARTEx_SetTxFifoThreshold  stm32g4xx_hal_uart_ex.o
    0x08002efa   0x08002efa   0x00000002   Code   RO         3155    i.HAL_UARTEx_TxFifoEmptyCallback  stm32g4xx_hal_uart_ex.o
    0x08002efc   0x08002efc   0x00000002   Code   RO         3156    i.HAL_UARTEx_WakeupCallback  stm32g4xx_hal_uart_ex.o
    0x08002efe   0x08002efe   0x00000002   Code   RO         2749    i.HAL_UART_ErrorCallback  stm32g4xx_hal_uart.o
    0x08002f00   0x08002f00   0x000002e0   Code   RO         2752    i.HAL_UART_IRQHandler  stm32g4xx_hal_uart.o
    0x080031e0   0x080031e0   0x0000006a   Code   RO         2753    i.HAL_UART_Init     stm32g4xx_hal_uart.o
    0x0800324a   0x0800324a   0x00000002   PAD
    0x0800324c   0x0800324c   0x0000008c   Code   RO          619    i.HAL_UART_MspInit  usart.o
    0x080032d8   0x080032d8   0x00000054   Code   RO         2758    i.HAL_UART_Receive_IT  stm32g4xx_hal_uart.o
    0x0800332c   0x0800332c   0x000000a8   Code   RO          441    i.HAL_UART_RxCpltCallback  main.o
    0x080033d4   0x080033d4   0x000000bc   Code   RO         2762    i.HAL_UART_Transmit  stm32g4xx_hal_uart.o
    0x08003490   0x08003490   0x00000002   Code   RO         2765    i.HAL_UART_TxCpltCallback  stm32g4xx_hal_uart.o
    0x08003492   0x08003492   0x00000002   Code   RO          662    i.HardFault_Handler  stm32g4xx_it.o
    0x08003494   0x08003494   0x0000002c   Code   RO          327    i.I2CInit           i2c - hal.o
    0x080034c0   0x080034c0   0x0000004e   Code   RO          328    i.I2CReceiveByte    i2c - hal.o
    0x0800350e   0x0800350e   0x00000030   Code   RO          329    i.I2CSendAck        i2c - hal.o
    0x0800353e   0x0800353e   0x0000004e   Code   RO          330    i.I2CSendByte       i2c - hal.o
    0x0800358c   0x0800358c   0x00000030   Code   RO          331    i.I2CSendNotAck     i2c - hal.o
    0x080035bc   0x080035bc   0x00000036   Code   RO          332    i.I2CStart          i2c - hal.o
    0x080035f2   0x080035f2   0x00000036   Code   RO          333    i.I2CStop           i2c - hal.o
    0x08003628   0x08003628   0x00000050   Code   RO          334    i.I2CWaitAck        i2c - hal.o
    0x08003678   0x08003678   0x00000052   Code   RO          335    i.I2C_24C02_Read    i2c - hal.o
    0x080036ca   0x080036ca   0x00000002   PAD
    0x080036cc   0x080036cc   0x0000003e   Code   RO          336    i.I2C_24C02_Write   i2c - hal.o
    0x0800370a   0x0800370a   0x00000002   PAD
    0x0800370c   0x0800370c   0x0000010c   Code   RO          442    i.Key_Proc          main.o
    0x08003818   0x08003818   0x00000040   Code   RO          534    i.Key_Scan          gpio.o
    0x08003858   0x08003858   0x0000002c   Code   RO           14    i.LCD_BusIn         lcd.o
    0x08003884   0x08003884   0x00000030   Code   RO           15    i.LCD_BusOut        lcd.o
    0x080038b4   0x080038b4   0x00000024   Code   RO           16    i.LCD_Clear         lcd.o
    0x080038d8   0x080038d8   0x00000090   Code   RO           18    i.LCD_CtrlLinesConfig  lcd.o
    0x08003968   0x08003968   0x00000018   Code   RO           19    i.LCD_DisplayChar   lcd.o
    0x08003980   0x08003980   0x0000002a   Code   RO           22    i.LCD_DisplayStringLine  lcd.o
    0x080039aa   0x080039aa   0x00000002   PAD
    0x080039ac   0x080039ac   0x00000058   Code   RO           23    i.LCD_DrawChar      lcd.o
    0x08003a04   0x08003a04   0x00000034   Code   RO           29    i.LCD_Init          lcd.o
    0x08003a38   0x08003a38   0x00000080   Code   RO           32    i.LCD_ReadReg       lcd.o
    0x08003ab8   0x08003ab8   0x00000010   Code   RO           33    i.LCD_SetBackColor  lcd.o
    0x08003ac8   0x08003ac8   0x00000018   Code   RO           34    i.LCD_SetCursor     lcd.o
    0x08003ae0   0x08003ae0   0x00000010   Code   RO           36    i.LCD_SetTextColor  lcd.o
    0x08003af0   0x08003af0   0x00000058   Code   RO           39    i.LCD_WriteRAM      lcd.o
    0x08003b48   0x08003b48   0x0000005c   Code   RO           40    i.LCD_WriteRAM_Prepare  lcd.o
    0x08003ba4   0x08003ba4   0x0000006c   Code   RO           41    i.LCD_WriteReg      lcd.o
    0x08003c10   0x08003c10   0x0000000c   Code   RO          796    i.LL_ADC_GetOffsetChannel  stm32g4xx_hal_adc.o
    0x08003c1c   0x08003c1c   0x00000008   Code   RO          797    i.LL_ADC_INJ_IsConversionOngoing  stm32g4xx_hal_adc.o
    0x08003c24   0x08003c24   0x00000008   Code   RO          798    i.LL_ADC_REG_IsConversionOngoing  stm32g4xx_hal_adc.o
    0x08003c2c   0x08003c2c   0x0000001e   Code   RO          801    i.LL_ADC_SetChannelSamplingTime  stm32g4xx_hal_adc.o
    0x08003c4a   0x08003c4a   0x00000010   Code   RO          802    i.LL_ADC_SetOffsetState  stm32g4xx_hal_adc.o
    0x08003c5a   0x08003c5a   0x00000002   PAD
    0x08003c5c   0x08003c5c   0x000001c0   Code   RO          443    i.Lcd_Proc          main.o
    0x08003e1c   0x08003e1c   0x00000054   Code   RO          535    i.Led_Disp          gpio.o
    0x08003e70   0x08003e70   0x00000060   Code   RO          444    i.Led_Proc          main.o
    0x08003ed0   0x08003ed0   0x00000028   Code   RO          445    i.Led_Proc_1        main.o
    0x08003ef8   0x08003ef8   0x0000007c   Code   RO          572    i.MX_ADC2_Init      adc.o
    0x08003f74   0x08003f74   0x000000f4   Code   RO          536    i.MX_GPIO_Init      gpio.o
    0x08004068   0x08004068   0x00000068   Code   RO          620    i.MX_USART1_UART_Init  usart.o
    0x080040d0   0x080040d0   0x00000002   Code   RO          663    i.MemManage_Handler  stm32g4xx_it.o
    0x080040d2   0x080040d2   0x00000002   Code   RO          664    i.NMI_Handler       stm32g4xx_it.o
    0x080040d4   0x080040d4   0x00000002   Code   RO          665    i.PendSV_Handler    stm32g4xx_it.o
    0x080040d6   0x080040d6   0x00000112   Code   RO           42    i.REG_8230_Init     lcd.o
    0x080041e8   0x080041e8   0x00000202   Code   RO           43    i.REG_932X_Init     lcd.o
    0x080043ea   0x080043ea   0x00000002   PAD
    0x080043ec   0x080043ec   0x00000018   Code   RO          337    i.SCL_Output        i2c - hal.o
    0x08004404   0x08004404   0x00000018   Code   RO          338    i.SDA_Input         i2c - hal.o
    0x0800441c   0x0800441c   0x0000002c   Code   RO          339    i.SDA_Input_Mode    i2c - hal.o
    0x08004448   0x08004448   0x00000018   Code   RO          340    i.SDA_Output        i2c - hal.o
    0x08004460   0x08004460   0x0000002c   Code   RO          341    i.SDA_Output_Mode   i2c - hal.o
    0x0800448c   0x0800448c   0x00000002   Code   RO          666    i.SVC_Handler       stm32g4xx_it.o
    0x0800448e   0x0800448e   0x00000004   Code   RO          667    i.SysTick_Handler   stm32g4xx_it.o
    0x08004492   0x08004492   0x0000006a   Code   RO          446    i.SystemClock_Config  main.o
    0x080044fc   0x080044fc   0x00000010   Code   RO         3257    i.SystemInit        system_stm32g4xx.o
    0x0800450c   0x0800450c   0x00000044   Code   RO         3157    i.UARTEx_SetNbDataToProcess  stm32g4xx_hal_uart_ex.o
    0x08004550   0x08004550   0x000000c8   Code   RO         2767    i.UART_AdvFeatureConfig  stm32g4xx_hal_uart.o
    0x08004618   0x08004618   0x00000060   Code   RO         2768    i.UART_CheckIdleState  stm32g4xx_hal_uart.o
    0x08004678   0x08004678   0x00000014   Code   RO         2769    i.UART_DMAAbortOnError  stm32g4xx_hal_uart.o
    0x0800468c   0x0800468c   0x00000054   Code   RO         2779    i.UART_EndRxTransfer  stm32g4xx_hal_uart.o
    0x080046e0   0x080046e0   0x000000a2   Code   RO         2781    i.UART_RxISR_16BIT  stm32g4xx_hal_uart.o
    0x08004782   0x08004782   0x00000002   PAD
    0x08004784   0x08004784   0x00000174   Code   RO         2782    i.UART_RxISR_16BIT_FIFOEN  stm32g4xx_hal_uart.o
    0x080048f8   0x080048f8   0x000000a2   Code   RO         2783    i.UART_RxISR_8BIT   stm32g4xx_hal_uart.o
    0x0800499a   0x0800499a   0x00000002   PAD
    0x0800499c   0x0800499c   0x00000174   Code   RO         2784    i.UART_RxISR_8BIT_FIFOEN  stm32g4xx_hal_uart.o
    0x08004b10   0x08004b10   0x00000274   Code   RO         2785    i.UART_SetConfig    stm32g4xx_hal_uart.o
    0x08004d84   0x08004d84   0x00000118   Code   RO         2787    i.UART_Start_Receive_IT  stm32g4xx_hal_uart.o
    0x08004e9c   0x08004e9c   0x000000c6   Code   RO         2792    i.UART_WaitOnFlagUntilTimeout  stm32g4xx_hal_uart.o
    0x08004f62   0x08004f62   0x00000002   PAD
    0x08004f64   0x08004f64   0x0000000c   Code   RO          668    i.USART1_IRQHandler  stm32g4xx_it.o
    0x08004f70   0x08004f70   0x00000002   Code   RO          669    i.UsageFault_Handler  stm32g4xx_it.o
    0x08004f72   0x08004f72   0x00000030   Code   RO         3431    i.__ARM_fpclassify  m_wm.l(fpclassify.o)
    0x08004fa2   0x08004fa2   0x00000020   Code   RO         2571    i.__NVIC_SetPriority  stm32g4xx_hal_cortex.o
    0x08004fc2   0x08004fc2   0x0000000e   Code   RO         3315    i._is_digit         c_w.l(__printf_wp.o)
    0x08004fd0   0x08004fd0   0x0000000c   Code   RO          342    i.delay1            i2c - hal.o
    0x08004fdc   0x08004fdc   0x00000018   Code   RO          573    i.getADC2           adc.o
    0x08004ff4   0x08004ff4   0x00000090   Code   RO          447    i.main              main.o
    0x08005084   0x08005084   0x0000002c   Code   RO         3427    locale$$code        c_w.l(lc_numeric_c.o)
    0x080050b0   0x080050b0   0x000002b0   Code   RO         3337    x$fpl$ddiv          fz_wm.l(ddiv.o)
    0x08005360   0x08005360   0x0000005a   Code   RO         3340    x$fpl$dfixu         fz_wm.l(dfixu.o)
    0x080053ba   0x080053ba   0x00000026   Code   RO         3344    x$fpl$dfltu         fz_wm.l(dflt_clz.o)
    0x080053e0   0x080053e0   0x00000154   Code   RO         3350    x$fpl$dmul          fz_wm.l(dmul.o)
    0x08005534   0x08005534   0x0000009c   Code   RO         3368    x$fpl$dnaninf       fz_wm.l(dnaninf.o)
    0x080055d0   0x080055d0   0x0000000c   Code   RO         3370    x$fpl$dretinf       fz_wm.l(dretinf.o)
    0x080055dc   0x080055dc   0x0000000a   Code   RO         3507    x$fpl$fpinit        fz_wm.l(fpinit.o)
    0x080055e6   0x080055e6   0x00000004   Code   RO         3352    x$fpl$printf1       fz_wm.l(printf1.o)
    0x080055ea   0x080055ea   0x00000000   Code   RO         3372    x$fpl$usenofp       fz_wm.l(usenofp.o)
    0x080055ea   0x080055ea   0x000011d0   Data   RO           44    .constdata          lcd.o
    0x080067ba   0x080067ba   0x00000018   Data   RO         2793    .constdata          stm32g4xx_hal_uart.o
    0x080067d2   0x080067d2   0x00000010   Data   RO         3158    .constdata          stm32g4xx_hal_uart_ex.o
    0x080067e2   0x080067e2   0x00000010   Data   RO         3258    .constdata          system_stm32g4xx.o
    0x080067f2   0x080067f2   0x00000008   Data   RO         3259    .constdata          system_stm32g4xx.o
    0x080067fa   0x080067fa   0x00000011   Data   RO         3323    .constdata          c_w.l(__printf_flags_ss_wp.o)
    0x0800680b   0x0800680b   0x00000001   PAD
    0x0800680c   0x0800680c   0x00000094   Data   RO         3402    .constdata          c_w.l(bigflt0.o)
    0x080068a0   0x080068a0   0x00000020   Data   RO         3576    Region$$Table       anon$$obj.o
    0x080068c0   0x080068c0   0x0000001c   Data   RO         3426    locale$$data        c_w.l(lc_numeric_c.o)


    Execution Region RW_IRAM1 (Exec base: 0x20000000, Load base: 0x080068dc, Size: 0x000007e8, Max: 0x00008000, ABSOLUTE)

    Exec Addr    Load Addr    Size         Type   Attr      Idx    E Section Name        Object

    0x20000000   0x080068dc   0x00000006   Data   RW           45    .data               lcd.o
    0x20000006   0x080068e2   0x00000002   PAD
    0x20000008   0x080068e4   0x00000030   Data   RW          449    .data               main.o
    0x20000038   0x08006914   0x0000000c   Data   RW         1248    .data               stm32g4xx_hal.o
    0x20000044   0x08006920   0x00000004   Data   RW         3260    .data               system_stm32g4xx.o
    0x20000048        -       0x0000003d   Zero   RW          448    .bss                main.o
    0x20000085   0x08006924   0x00000003   PAD
    0x20000088        -       0x0000006c   Zero   RW          574    .bss                adc.o
    0x200000f4        -       0x00000090   Zero   RW          621    .bss                usart.o
    0x20000184        -       0x00000060   Zero   RW         3434    .bss                c_w.l(libspace.o)
    0x200001e4   0x08006924   0x00000004   PAD
    0x200001e8        -       0x00000200   Zero   RW            2    HEAP                startup_stm32g431xx.o
    0x200003e8        -       0x00000400   Zero   RW            1    STACK               startup_stm32g431xx.o


==============================================================================

Image component sizes


      Code (inc. data)   RO Data    RW Data    ZI Data      Debug   Object Name

       268         34          0          0        108       2315   adc.o
       392         32          0          0          0       2189   gpio.o
       800         28          0          0          0       9536   i2c - hal.o
      1766         76       4560          6          0     613375   lcd.o
      1522        422          0         48         61       7048   main.o
        64         26        472          0       1536        852   startup_stm32g431xx.o
       162         24          0         12          0       4389   stm32g4xx_hal.o
      1996        102          0          0          0      75987   stm32g4xx_hal_adc.o
       198         14          0          0          0      33887   stm32g4xx_hal_cortex.o
       226          0          0          0          0       1963   stm32g4xx_hal_dma.o
       604         34          0          0          0       3035   stm32g4xx_hal_gpio.o
        48          6          0          0          0        882   stm32g4xx_hal_msp.o
       204         18          0          0          0       1425   stm32g4xx_hal_pwr_ex.o
      1692         88          0          0          0       6320   stm32g4xx_hal_rcc.o
       648         10          0          0          0       1892   stm32g4xx_hal_rcc_ex.o
      3694        124         24          0          0      36830   stm32g4xx_hal_uart.o
       288          6         16          0          0       5426   stm32g4xx_hal_uart_ex.o
        32          6          0          0          0       4726   stm32g4xx_it.o
        16          4         24          4          0       1151   system_stm32g4xx.o
       244         18          0          0        144       1838   usart.o

    ----------------------------------------------------------------------
     14890       1072       5128         72       1852     815066   Object Totals
         0          0         32          0          0          0   (incl. Generated)
        26          0          0          2          3          0   (incl. Padding)

    ----------------------------------------------------------------------

      Code (inc. data)   RO Data    RW Data    ZI Data      Debug   Library Member Name

         8          0          0          0          0         68   __main.o
       392          4         17          0          0         92   __printf_flags_ss_wp.o
        14          0          0          0          0         68   __printf_wp.o
         0          0          0          0          0          0   __rtentry.o
        12          0          0          0          0          0   __rtentry2.o
         6          0          0          0          0          0   __rtentry4.o
        52          8          0          0          0          0   __scatter.o
        26          0          0          0          0          0   __scatter_copy.o
        28          0          0          0          0          0   __scatter_zi.o
        48          6          0          0          0         96   _printf_char_common.o
       120         16          0          0          0         92   _printf_dec.o
         6          0          0          0          0          0   _printf_f.o
      1054          0          0          0          0        216   _printf_fp_dec.o
       128         16          0          0          0         84   _printf_fp_infnan.o
       178          0          0          0          0         88   _printf_intcommon.o
        78          0          0          0          0        108   _printf_pad.o
         0          0          0          0          0          0   _printf_percent.o
         4          0          0          0          0          0   _printf_percent_end.o
         6          0          0          0          0          0   _printf_u.o
        10          0          0          0          0         68   _sputc.o
       228          4        148          0          0         96   bigflt0.o
      1936        128          0          0          0        672   btod.o
        18          0          0          0          0         80   exit.o
         6          0          0          0          0        152   heapauxi.o
         0          0          0          0          0          0   indicate_semi.o
        44         10         28          0          0         76   lc_numeric_c.o
         2          0          0          0          0          0   libinit.o
        22          0          0          0          0          0   libinit2.o
         2          0          0          0          0          0   libshutdown.o
         2          0          0          0          0          0   libshutdown2.o
         8          4          0          0         96         68   libspace.o
       138          0          0          0          0         80   lludiv10.o
       238          0          0          0          0        100   lludivv7m.o
        40          6          0          0          0         84   noretval__2sprintf.o
         8          4          0          0          0         68   rt_locale_intlibspace.o
        78          0          0          0          0         80   rt_memclr_w.o
         2          0          0          0          0          0   rtexit.o
        10          0          0          0          0          0   rtexit2.o
       128          0          0          0          0         68   strcmpv7m.o
        62          0          0          0          0         76   strlen.o
        12          4          0          0          0         68   sys_exit.o
        74          0          0          0          0         80   sys_stackheap_outer.o
         2          0          0          0          0         68   use_no_semi.o
       688        140          0          0          0        256   ddiv.o
        90          4          0          0          0        140   dfixu.o
        38          0          0          0          0        116   dflt_clz.o
       340         12          0          0          0        152   dmul.o
       156          4          0          0          0        140   dnaninf.o
        12          0          0          0          0        116   dretinf.o
        10          0          0          0          0        116   fpinit.o
         4          0          0          0          0        116   printf1.o
         0          0          0          0          0          0   usenofp.o
        48          0          0          0          0        124   fpclassify.o

    ----------------------------------------------------------------------
      6632        370        194          0        100       4172   Library Totals
        16          0          1          0          4          0   (incl. Padding)

    ----------------------------------------------------------------------

      Code (inc. data)   RO Data    RW Data    ZI Data      Debug   Library Name

      5230        210        193          0         96       2896   c_w.l
      1338        160          0          0          0       1152   fz_wm.l
        48          0          0          0          0        124   m_wm.l

    ----------------------------------------------------------------------
      6632        370        194          0        100       4172   Library Totals

    ----------------------------------------------------------------------

==============================================================================


      Code (inc. data)   RO Data    RW Data    ZI Data      Debug   

     21522       1442       5322         72       1952     805578   Grand Totals
     21522       1442       5322         72       1952     805578   ELF Image Totals
     21522       1442       5322         72          0          0   ROM Totals

==============================================================================

    Total RO  Size (Code + RO Data)                26844 (  26.21kB)
    Total RW  Size (RW Data + ZI Data)              2024 (   1.98kB)
    Total ROM Size (Code + RO Data + RW Data)      26916 (  26.29kB)

==============================================================================

